main.c:79:6:HAL_TIM_IC_CaptureCallback	16	static
main.c:83:6:HAL_TIM_PeriodElapsedCallback	16	static
main.c:92:6:HAL_UART_RxCpltCallback	16	static
main.c:97:6:HAL_UART_TxCpltCallback	16	static
main.c:107:5:main	128	static
main.c:198:6:SystemClock_Config	88	static
main.c:237:13:MX_TIM2_Init	48	static
main.c:303:13:MX_TIM3_Init	48	static
main.c:369:13:MX_TIM4_Init	32	static
main.c:414:13:MX_TIM8_Init	96	static
main.c:493:13:MX_USART1_UART_Init	8	static
main.c:526:13:MX_USART3_UART_Init	8	static
main.c:559:13:MX_GPIO_Init	40	static
main.c:588:6:Error_Handler	4	static
