Archive member included to satisfy reference by file (symbol)

/opt/st/stm32cubeide_1.5.0/plugins/com.st.stm32cube.ide.mcu.externaltools.gnu-tools-for-stm32.7-2018-q2-update.linux64_1.5.0.202011040924/tools/bin/../lib/gcc/arm-none-eabi/7.3.1/../../../../arm-none-eabi/lib/thumb/v7e-m/fpv4-sp/hard/libc_nano.a(lib_a-atof.o)
                              Application/User/gps.o (atof)
/opt/st/stm32cubeide_1.5.0/plugins/com.st.stm32cube.ide.mcu.externaltools.gnu-tools-for-stm32.7-2018-q2-update.linux64_1.5.0.202011040924/tools/bin/../lib/gcc/arm-none-eabi/7.3.1/../../../../arm-none-eabi/lib/thumb/v7e-m/fpv4-sp/hard/libc_nano.a(lib_a-atoi.o)
                              Application/User/gps.o (atoi)
/opt/st/stm32cubeide_1.5.0/plugins/com.st.stm32cube.ide.mcu.externaltools.gnu-tools-for-stm32.7-2018-q2-update.linux64_1.5.0.202011040924/tools/bin/../lib/gcc/arm-none-eabi/7.3.1/../../../../arm-none-eabi/lib/thumb/v7e-m/fpv4-sp/hard/libc_nano.a(lib_a-errno.o)
                              Application/User/syscalls.o (__errno)
/opt/st/stm32cubeide_1.5.0/plugins/com.st.stm32cube.ide.mcu.externaltools.gnu-tools-for-stm32.7-2018-q2-update.linux64_1.5.0.202011040924/tools/bin/../lib/gcc/arm-none-eabi/7.3.1/../../../../arm-none-eabi/lib/thumb/v7e-m/fpv4-sp/hard/libc_nano.a(lib_a-exit.o)
                              /opt/st/stm32cubeide_1.5.0/plugins/com.st.stm32cube.ide.mcu.externaltools.gnu-tools-for-stm32.7-2018-q2-update.linux64_1.5.0.202011040924/tools/bin/../lib/gcc/arm-none-eabi/7.3.1/../../../../arm-none-eabi/lib/thumb/v7e-m/fpv4-sp/hard/crt0.o (exit)
/opt/st/stm32cubeide_1.5.0/plugins/com.st.stm32cube.ide.mcu.externaltools.gnu-tools-for-stm32.7-2018-q2-update.linux64_1.5.0.202011040924/tools/bin/../lib/gcc/arm-none-eabi/7.3.1/../../../../arm-none-eabi/lib/thumb/v7e-m/fpv4-sp/hard/libc_nano.a(lib_a-impure.o)
                              /opt/st/stm32cubeide_1.5.0/plugins/com.st.stm32cube.ide.mcu.externaltools.gnu-tools-for-stm32.7-2018-q2-update.linux64_1.5.0.202011040924/tools/bin/../lib/gcc/arm-none-eabi/7.3.1/../../../../arm-none-eabi/lib/thumb/v7e-m/fpv4-sp/hard/libc_nano.a(lib_a-exit.o) (_global_impure_ptr)
/opt/st/stm32cubeide_1.5.0/plugins/com.st.stm32cube.ide.mcu.externaltools.gnu-tools-for-stm32.7-2018-q2-update.linux64_1.5.0.202011040924/tools/bin/../lib/gcc/arm-none-eabi/7.3.1/../../../../arm-none-eabi/lib/thumb/v7e-m/fpv4-sp/hard/libc_nano.a(lib_a-init.o)
                              /opt/st/stm32cubeide_1.5.0/plugins/com.st.stm32cube.ide.mcu.externaltools.gnu-tools-for-stm32.7-2018-q2-update.linux64_1.5.0.202011040924/tools/bin/../lib/gcc/arm-none-eabi/7.3.1/../../../../arm-none-eabi/lib/thumb/v7e-m/fpv4-sp/hard/crt0.o (__libc_init_array)
/opt/st/stm32cubeide_1.5.0/plugins/com.st.stm32cube.ide.mcu.externaltools.gnu-tools-for-stm32.7-2018-q2-update.linux64_1.5.0.202011040924/tools/bin/../lib/gcc/arm-none-eabi/7.3.1/../../../../arm-none-eabi/lib/thumb/v7e-m/fpv4-sp/hard/libc_nano.a(lib_a-memset.o)
                              /opt/st/stm32cubeide_1.5.0/plugins/com.st.stm32cube.ide.mcu.externaltools.gnu-tools-for-stm32.7-2018-q2-update.linux64_1.5.0.202011040924/tools/bin/../lib/gcc/arm-none-eabi/7.3.1/../../../../arm-none-eabi/lib/thumb/v7e-m/fpv4-sp/hard/crt0.o (memset)
/opt/st/stm32cubeide_1.5.0/plugins/com.st.stm32cube.ide.mcu.externaltools.gnu-tools-for-stm32.7-2018-q2-update.linux64_1.5.0.202011040924/tools/bin/../lib/gcc/arm-none-eabi/7.3.1/../../../../arm-none-eabi/lib/thumb/v7e-m/fpv4-sp/hard/libc_nano.a(lib_a-sprintf.o)
                              Application/User/status.o (sprintf)
/opt/st/stm32cubeide_1.5.0/plugins/com.st.stm32cube.ide.mcu.externaltools.gnu-tools-for-stm32.7-2018-q2-update.linux64_1.5.0.202011040924/tools/bin/../lib/gcc/arm-none-eabi/7.3.1/../../../../arm-none-eabi/lib/thumb/v7e-m/fpv4-sp/hard/libc_nano.a(lib_a-strcpy.o)
                              Application/User/gps.o (strcpy)
/opt/st/stm32cubeide_1.5.0/plugins/com.st.stm32cube.ide.mcu.externaltools.gnu-tools-for-stm32.7-2018-q2-update.linux64_1.5.0.202011040924/tools/bin/../lib/gcc/arm-none-eabi/7.3.1/../../../../arm-none-eabi/lib/thumb/v7e-m/fpv4-sp/hard/libc_nano.a(lib_a-strlen.o)
                              Application/User/status.o (strlen)
/opt/st/stm32cubeide_1.5.0/plugins/com.st.stm32cube.ide.mcu.externaltools.gnu-tools-for-stm32.7-2018-q2-update.linux64_1.5.0.202011040924/tools/bin/../lib/gcc/arm-none-eabi/7.3.1/../../../../arm-none-eabi/lib/thumb/v7e-m/fpv4-sp/hard/libc_nano.a(lib_a-strncpy.o)
                              Application/User/gps.o (strncpy)
/opt/st/stm32cubeide_1.5.0/plugins/com.st.stm32cube.ide.mcu.externaltools.gnu-tools-for-stm32.7-2018-q2-update.linux64_1.5.0.202011040924/tools/bin/../lib/gcc/arm-none-eabi/7.3.1/../../../../arm-none-eabi/lib/thumb/v7e-m/fpv4-sp/hard/libc_nano.a(lib_a-strtod.o)
[...]
Memory Configuration

Name             Origin             Length             Attributes
CCMRAM           0x0000000010000000 0x0000000000010000 xrw
RAM              0x0000000020000000 0x0000000000020000 xrw
FLASH            0x0000000008000000 0x0000000000100000 xr
*default*        0x0000000000000000 0xffffffffffffffff

Linker script and memory map

LOAD /opt/st/stm32cubeide_1.5.0/plugins/com.st.stm32cube.ide.mcu.externaltools.gnu-tools-for-stm32.7-2018-q2-update.linux64_1.5.0.202011040924/tools/bin/../lib/gcc/arm-none-eabi/7.3.1/thumb/v7e-m/fpv4-sp/hard/crti.o
LOAD /opt/st/stm32cubeide_1.5.0/plugins/com.st.stm32cube.ide.mcu.externaltools.gnu-tools-for-stm32.7-2018-q2-update.linux64_1.5.0.202011040924/tools/bin/../lib/gcc/arm-none-eabi/7.3.1/thumb/v7e-m/fpv4-sp/hard/crtbegin.o
LOAD /opt/st/stm32cubeide_1.5.0/plugins/com.st.stm32cube.ide.mcu.externaltools.gnu-tools-for-stm32.7-2018-q2-update.linux64_1.5.0.202011040924/tools/bin/../lib/gcc/arm-none-eabi/7.3.1/../../../../arm-none-eabi/lib/thumb/v7e-m/fpv4-sp/hard/crt0.o
LOAD Application/Startup/startup_stm32f405rgtx.o
LOAD Application/User/FIFOBuffer.o
LOAD Application/User/command.o
LOAD Application/User/gps.o
LOAD Application/User/main.o
LOAD Application/User/motor.o
LOAD Application/User/status.o
LOAD Application/User/stm32f4xx_hal_msp.o
LOAD Application/User/stm32f4xx_it.o
LOAD Application/User/syscalls.o
LOAD Application/User/sysmem.o
LOAD Application/User/ultrasound.o
LOAD Drivers/CMSIS/system_stm32f4xx.o
LOAD Drivers/STM32F4xx_HAL_Driver/stm32f4xx_hal.o
LOAD Drivers/STM32F4xx_HAL_Driver/stm32f4xx_hal_cortex.o
LOAD Drivers/STM32F4xx_HAL_Driver/stm32f4xx_hal_dma.o
LOAD Drivers/STM32F4xx_HAL_Driver/stm32f4xx_hal_dma_ex.o
LOAD Drivers/STM32F4xx_HAL_Driver/stm32f4xx_hal_exti.o
LOAD Drivers/STM32F4xx_HAL_Driver/stm32f4xx_hal_flash.o
LOAD Drivers/STM32F4xx_HAL_Driver/stm32f4xx_hal_flash_ex.o
LOAD Drivers/STM32F4xx_HAL_Driver/stm32f4xx_hal_flash_ramfunc.o
LOAD Drivers/STM32F4xx_HAL_Driver/stm32f4xx_hal_gpio.o
LOAD Drivers/STM32F4xx_HAL_Driver/stm32f4xx_hal_pwr.o
LOAD Drivers/STM32F4xx_HAL_Driver/stm32f4xx_hal_pwr_ex.o
LOAD Drivers/STM32F4xx_HAL_Driver/stm32f4xx_hal_rcc.o
LOAD Drivers/STM32F4xx_HAL_Driver/stm32f4xx_hal_rcc_ex.o
LOAD Drivers/STM32F4xx_HAL_Driver/stm32f4xx_hal_tim.o
LOAD Drivers/STM32F4xx_HAL_Driver/stm32f4xx_hal_tim_ex.o
LOAD Drivers/STM32F4xx_HAL_Driver/stm32f4xx_hal_uart.o
START GROUP
LOAD /opt/st/stm32cubeide_1.5.0/plugins/com.st.stm32cube.ide.mcu.externaltools.gnu-tools-for-stm32.7-2018-q2-update.linux64_1.5.0.202011040924/tools/bin/../lib/gcc/arm-none-eabi/7.3.1/../../../../arm-none-eabi/lib/thumb/v7e-m/fpv4-sp/hard/libc_nano.a
LOAD /opt/st/stm32cubeide_1.5.0/plugins/com.st.stm32cube.ide.mcu.externaltools.gnu-tools-for-stm32.7-2018-q2-update.linux64_1.5.0.202011040924/tools/bin/../lib/gcc/arm-none-eabi/7.3.1/../../../../arm-none-eabi/lib/thumb/v7e-m/fpv4-sp/hard/libm.a
END GROUP
START GROUP
LOAD /opt/st/stm32cubeide_1.5.0/plugins/com.st.stm32cube.ide.mcu.externaltools.gnu-tools-for-stm32.7-2018-q2-update.linux64_1.5.0.202011040924/tools/bin/../lib/gcc/arm-none-eabi/7.3.1/thumb/v7e-m/fpv4-sp/hard/libgcc.a
LOAD /opt/st/stm32cubeide_1.5.0/plugins/com.st.stm32cube.ide.mcu.externaltools.gnu-tools-for-stm32.7-2018-q2-update.linux64_1.5.0.202011040924/tools/bin/../lib/gcc/arm-none-eabi/7.3.1/../../../../arm-none-eabi/lib/thumb/v7e-m/fpv4-sp/hard/libc_nano.a
END GROUP
START GROUP
LOAD /opt/st/stm32cubeide_1.5.0/plugins/com.st.stm32cube.ide.mcu.externaltools.gnu-tools-for-stm32.7-2018-q2-update.linux64_1.5.0.202011040924/tools/bin/../lib/gcc/arm-none-eabi/7.3.1/thumb/v7e-m/fpv4-sp/hard/libgcc.a
LOAD /opt/st/stm32cubeide_1.5.0/plugins/com.st.stm32cube.ide.mcu.externaltools.gnu-tools-for-stm32.7-2018-q2-update.linux64_1.5.0.202011040924/tools/bin/../lib/gcc/arm-none-eabi/7.3.1/../../../../arm-none-eabi/lib/thumb/v7e-m/fpv4-sp/hard/libc_nano.a
LOAD /opt/st/stm32cubeide_1.5.0/plugins/com.st.stm32cube.ide.mcu.externaltools.gnu-tools-for-stm32.7-2018-q2-update.linux64_1.5.0.202011040924/tools/bin/../lib/gcc/arm-none-eabi/7.3.1/../../../../arm-none-eabi/lib/thumb/v7e-m/fpv4-sp/hard/libnosys.a
END GROUP
START GROUP
LOAD /opt/st/stm32cubeide_1.5.0/plugins/com.st.stm32cube.ide.mcu.externaltools.gnu-tools-for-stm32.7-2018-q2-update.linux64_1.5.0.202011040924/tools/bin/../lib/gcc/arm-none-eabi/7.3.1/thumb/v7e-m/fpv4-sp/hard/libgcc.a
LOAD /opt/st/stm32cubeide_1.5.0/plugins/com.st.stm32cube.ide.mcu.externaltools.gnu-tools-for-stm32.7-2018-q2-update.linux64_1.5.0.202011040924/tools/bin/../lib/gcc/arm-none-eabi/7.3.1/../../../../arm-none-eabi/lib/thumb/v7e-m/fpv4-sp/hard/libc_nano.a
LOAD /opt/st/stm32cubeide_1.5.0/plugins/com.st.stm32cube.ide.mcu.externaltools.gnu-tools-for-stm32.7-2018-q2-update.linux64_1.5.0.202011040924/tools/bin/../lib/gcc/arm-none-eabi/7.3.1/../../../../arm-none-eabi/lib/thumb/v7e-m/fpv4-sp/hard/libnosys.a
END GROUP
LOAD /opt/st/stm32cubeide_1.5.0/plugins/com.st.stm32cube.ide.mcu.externaltools.gnu-tools-for-stm32.7-2018-q2-update.linux64_1.5.0.202011040924/tools/bin/../lib/gcc/arm-none-eabi/7.3.1/thumb/v7e-m/fpv4-sp/hard/crtend.o
LOAD /opt/st/stm32cubeide_1.5.0/plugins/com.st.stm32cube.ide.mcu.externaltools.gnu-tools-for-stm32.7-2018-q2-update.linux64_1.5.0.202011040924/tools/bin/../lib/gcc/arm-none-eabi/7.3.1/thumb/v7e-m/fpv4-sp/hard/crtn.o
                0x0000000020020000                _estack = (ORIGIN (RAM) + LENGTH (RAM))
                0x0000000000000200                _Min_Heap_Size = 0x200
                0x0000000000000400                _Min_Stack_Size = 0x400

.isr_vector     0x0000000008000000      0x188
                0x0000000008000000                . = ALIGN (0x4)
 *(.isr_vector)
 .isr_vector    0x0000000008000000      0x188 Application/Startup/startup_stm32f405rgtx.o
                0x0000000008000000                g_pfnVectors
                0x0000000008000188                . = ALIGN (0x4)

.text           0x0000000008000190     0x8740
                0x0000000008000190                . = ALIGN (0x4)
 *(.text)
 .text          0x0000000008000190       0x40 /opt/st/stm32cubeide_1.5.0/plugins/com.st.stm32cube.ide.mcu.externaltools.gnu-tools-for-stm32.7-2018-q2-update.linux64_1.5.0.202011040924/tools/bin/../lib/gcc/arm-none-eabi/7.3.1/thumb/v7e-m/fpv4-sp/hard/crtbegin.o
 .text          0x00000000080001d0       0x10 /opt/st/stm32cubeide_1.5.0/plugins/com.st.stm32cube.ide.mcu.externaltools.gnu-tools-for-stm32.7-2018-q2-update.linux64_1.5.0.202011040924/tools/bin/../lib/gcc/arm-none-eabi/7.3.1/../../../../arm-none-eabi/lib/thumb/v7e-m/fpv4-sp/hard/libc_nano.a(lib_a-strlen.o)
                0x00000000080001d0                strlen
 .text          0x00000000080001e0       0xa0 /opt/st/stm32cubeide_1.5.0/plugins/com.st.stm32cube.ide.mcu.externaltools.gnu-tools-for-stm32.7-2018-q2-update.linux64_1.5.0.202011040924/tools/bin/../lib/gcc/arm-none-eabi/7.3.1/../../../../arm-none-eabi/lib/thumb/v7e-m/fpv4-sp/hard/libc_nano.a(lib_a-memchr.o)
                0x00000000080001e0                memchr
 .text          0x0000000008000280      0x378 /opt/st/stm32cubeide_1.5.0/plugins/com.st.stm32cube.ide.mcu.externaltools.gnu-tools-for-stm32.7-2018-q2-update.linux64_1.5.0.202011040924/tools/bin/../lib/gcc/arm-none-eabi/7.3.1/thumb/v7e-m/fpv4-sp/hard/libgcc.a(_arm_addsubdf3.o)
                0x0000000008000280                __aeabi_drsub
                0x0000000008000288                __aeabi_dsub
                0x0000000008000288                __subdf3
                0x000000000800028c                __adddf3
                0x000000000800028c                __aeabi_dadd
                0x0000000008000504                __aeabi_ui2d
                0x0000000008000504                __floatunsidf
                0x0000000008000524                __floatsidf
                0x0000000008000524                __aeabi_i2d
                0x0000000008000548                __extendsfdf2
                0x0000000008000548                __aeabi_f2d
                0x000000000800058c                __aeabi_ul2d
                0x000000000800058c                __floatundidf
                0x000000000800059c                __floatdidf
                0x000000000800059c                __aeabi_l2d
 .text          0x00000000080005f8      0x424 /opt/st/stm32cubeide_1.5.0/plugins/com.st.stm32cube.ide.mcu.externaltools.gnu-tools-for-stm32.7-2018-q2-update.linux64_1.5.0.202011040924/tools/bin/../lib/gcc/arm-none-eabi/7.3.1/thumb/v7e-m/fpv4-sp/hard/libgcc.a(_arm_muldivdf3.o)
                0x00000000080005f8                __aeabi_dmul
                0x00000000080005f8                __muldf3
                0x000000000800084c                __aeabi_ddiv
                0x000000000800084c                __divdf3
 .text          0x0000000008000a1c      0x110 /opt/st/stm32cubeide_1.5.0/plugins/com.st.stm32cube.ide.mcu.externaltools.gnu-tools-for-stm32.7-2018-q2-update.linux64_1.5.0.202011040924/tools/bin/../lib/gcc/arm-none-eabi/7.3.1/thumb/v7e-m/fpv4-sp/hard/libgcc.a(_arm_cmpdf2.o)
                0x0000000008000a1c                __gtdf2
                0x0000000008000a1c                __gedf2
                0x0000000008000a24                __ltdf2
                0x0000000008000a24                __ledf2
                0x0000000008000a2c                __cmpdf2
                0x0000000008000a2c                __eqdf2
                0x0000000008000a2c                __nedf2
                0x0000000008000aa8                __aeabi_cdrcmple
                0x0000000008000ab8                __aeabi_cdcmple
                0x0000000008000ab8                __aeabi_cdcmpeq
                0x0000000008000ac8                __aeabi_dcmpeq
                0x0000000008000adc                __aeabi_dcmplt
                0x0000000008000af0                __aeabi_dcmple
                0x0000000008000b04                __aeabi_dcmpge
                0x0000000008000b18                __aeabi_dcmpgt
 .text          0x0000000008000b2c       0x2c /opt/st/stm32cubeide_1.5.0/plugins/com.st.stm32cube.ide.mcu.externaltools.gnu-tools-for-stm32.7-2018-q2-update.linux64_1.5.0.202011040924/tools/bin/../lib/gcc/arm-none-eabi/7.3.1/thumb/v7e-m/fpv4-sp/hard/libgcc.a(_arm_unorddf2.o)
                0x0000000008000b2c                __aeabi_dcmpun
                0x0000000008000b2c                __unorddf2
 .text          0x0000000008000b58       0x50 /opt/st/stm32cubeide_1.5.0/plugins/com.st.stm32cube.ide.mcu.externaltools.gnu-tools-for-stm32.7-2018-q2-update.linux64_1.5.0.202011040924/tools/bin/../lib/gcc/arm-none-eabi/7.3.1/thumb/v7e-m/fpv4-sp/hard/libgcc.a(_arm_fixdfsi.o)
                0x0000000008000b58                __fixdfsi
                0x0000000008000b58                __aeabi_d2iz
 .text          0x0000000008000ba8       0x40 /opt/st/stm32cubeide_1.5.0/plugins/com.st.stm32cube.ide.mcu.externaltools.gnu-tools-for-stm32.7-2018-q2-update.linux64_1.5.0.202011040924/tools/bin/../lib/gcc/arm-none-eabi/7.3.1/thumb/v7e-m/fpv4-sp/hard/libgcc.a(_arm_fixunsdfsi.o)
                0x0000000008000ba8                __fixunsdfsi
                0x0000000008000ba8                __aeabi_d2uiz
 .text          0x0000000008000be8       0xa0 /opt/st/stm32cubeide_1.5.0/plugins/com.st.stm32cube.ide.mcu.externaltools.gnu-tools-for-stm32.7-2018-q2-update.linux64_1.5.0.202011040924/tools/bin/../lib/gcc/arm-none-eabi/7.3.1/thumb/v7e-m/fpv4-sp/hard/libgcc.a(_arm_truncdfsf2.o)
                0x0000000008000be8                __aeabi_d2f
                0x0000000008000be8                __truncdfsf2
 .text          0x0000000008000c88       0x30 /opt/st/stm32cubeide_1.5.0/plugins/com.st.stm32cube.ide.mcu.externaltools.gnu-tools-for-stm32.7-2018-q2-update.linux64_1.5.0.202011040924/tools/bin/../lib/gcc/arm-none-eabi/7.3.1/thumb/v7e-m/fpv4-sp/hard/libgcc.a(_aeabi_uldivmod.o)
                0x0000000008000c88                __aeabi_uldivmod
 .text          0x0000000008000cb8      0x2cc /opt/st/stm32cubeide_1.5.0/plugins/com.st.stm32cube.ide.mcu.externaltools.gnu-tools-for-stm32.7-2018-q2-update.linux64_1.5.0.202011040924/tools/bin/../lib/gcc/arm-none-eabi/7.3.1/thumb/v7e-m/fpv4-sp/hard/libgcc.a(_udivmoddi4.o)
                0x0000000008000cb8                __udivmoddi4
 .text          0x0000000008000f84        0x4 /opt/st/stm32cubeide_1.5.0/plugins/com.st.stm32cube.ide.mcu.externaltools.gnu-tools-for-stm32.7-2018-q2-update.linux64_1.5.0.202011040924/tools/bin/../lib/gcc/arm-none-eabi/7.3.1/thumb/v7e-m/fpv4-sp/hard/libgcc.a(_dvmd_tls.o)
                0x0000000008000f84                __aeabi_ldiv0
                0x0000000008000f84                __aeabi_idiv0
 *(.text*)
 .text.Reset_Handler
                0x0000000008000f88       0x50 Application/Startup/startup_stm32f405rgtx.o
                0x0000000008000f88                Reset_Handler
 .text.Default_Handler
                0x0000000008000fd8        0x2 Application/Startup/startup_stm32f405rgtx.o
                0x0000000008000fd8                RTC_Alarm_IRQHandler
                0x0000000008000fd8                HASH_RNG_IRQHandler
                0x0000000008000fd8                EXTI2_IRQHandler
                0x0000000008000fd8                TIM8_CC_IRQHandler
                0x0000000008000fd8                TIM1_CC_IRQHandler
                0x0000000008000fd8                DMA2_Stream5_IRQHandler
                0x0000000008000fd8                DMA1_Stream5_IRQHandler
                0x0000000008000fd8                PVD_IRQHandler
                0x0000000008000fd8                SDIO_IRQHandler
                0x0000000008000fd8                TAMP_STAMP_IRQHandler
                0x0000000008000fd8                CAN2_RX1_IRQHandler
                0x0000000008000fd8                EXTI3_IRQHandler
                0x0000000008000fd8                TIM8_TRG_COM_TIM14_IRQHandler
                0x0000000008000fd8                TIM1_UP_TIM10_IRQHandler
                0x0000000008000fd8                TIM8_UP_TIM13_IRQHandler
                0x0000000008000fd8                I2C3_ER_IRQHandler
                0x0000000008000fd8                EXTI0_IRQHandler
                0x0000000008000fd8                I2C2_EV_IRQHandler
                0x0000000008000fd8                DMA1_Stream2_IRQHandler
                0x0000000008000fd8                CAN1_RX0_IRQHandler
                0x0000000008000fd8                FPU_IRQHandler
                0x0000000008000fd8                OTG_HS_WKUP_IRQHandler
                0x0000000008000fd8                CAN2_SCE_IRQHandler
                0x0000000008000fd8                DMA2_Stream2_IRQHandler
                0x0000000008000fd8                SPI1_IRQHandler
                0x0000000008000fd8                TIM6_DAC_IRQHandler
                0x0000000008000fd8                TIM1_BRK_TIM9_IRQHandler
                0x0000000008000fd8                CAN2_RX0_IRQHandler
                0x0000000008000fd8                DMA2_Stream3_IRQHandler
                0x0000000008000fd8                USART6_IRQHandler
                0x0000000008000fd8                CAN1_RX1_IRQHandler
                0x0000000008000fd8                UART5_IRQHandler
                0x0000000008000fd8                DMA2_Stream0_IRQHandler
                0x0000000008000fd8                I2C1_EV_IRQHandler
                0x0000000008000fd8                DMA1_Stream6_IRQHandler
                0x0000000008000fd8                DMA1_Stream1_IRQHandler
                0x0000000008000fd8                UART4_IRQHandler
                0x0000000008000fd8                RCC_IRQHandler
                0x0000000008000fd8                TIM8_BRK_TIM12_IRQHandler
                0x0000000008000fd8                Default_Handler
                0x0000000008000fd8                EXTI15_10_IRQHandler
                0x0000000008000fd8                ADC_IRQHandler
                0x0000000008000fd8                DMA1_Stream7_IRQHandler
                0x0000000008000fd8                TIM7_IRQHandler
                0x0000000008000fd8                CAN2_TX_IRQHandler
                0x0000000008000fd8                TIM5_IRQHandler
                0x0000000008000fd8                DMA2_Stream7_IRQHandler
                0x0000000008000fd8                I2C3_EV_IRQHandler
                0x0000000008000fd8                EXTI9_5_IRQHandler
                0x0000000008000fd8                RTC_WKUP_IRQHandler
                0x0000000008000fd8                SPI2_IRQHandler
                0x0000000008000fd8                OTG_HS_EP1_IN_IRQHandler
                0x0000000008000fd8                DMA1_Stream0_IRQHandler
                0x0000000008000fd8                CAN1_TX_IRQHandler
                0x0000000008000fd8                EXTI4_IRQHandler
                0x0000000008000fd8                FSMC_IRQHandler
                0x0000000008000fd8                OTG_HS_EP1_OUT_IRQHandler
                0x0000000008000fd8                WWDG_IRQHandler
                0x0000000008000fd8                OTG_FS_WKUP_IRQHandler
                0x0000000008000fd8                TIM1_TRG_COM_TIM11_IRQHandler
                0x0000000008000fd8                OTG_HS_IRQHandler
                0x0000000008000fd8                EXTI1_IRQHandler
                0x0000000008000fd8                USART2_IRQHandler
                0x0000000008000fd8                I2C2_ER_IRQHandler
                0x0000000008000fd8                DMA2_Stream1_IRQHandler
                0x0000000008000fd8                CAN1_SCE_IRQHandler
                0x0000000008000fd8                FLASH_IRQHandler
                0x0000000008000fd8                DMA2_Stream4_IRQHandler
                0x0000000008000fd8                OTG_FS_IRQHandler
                0x0000000008000fd8                SPI3_IRQHandler
                0x0000000008000fd8                DMA1_Stream4_IRQHandler
                0x0000000008000fd8                I2C1_ER_IRQHandler
                0x0000000008000fd8                DMA2_Stream6_IRQHandler
                0x0000000008000fd8                DMA1_Stream3_IRQHandler
 .text.FIFOBufferGetDataSize
                0x0000000008000fda       0x34 Application/User/FIFOBuffer.o
                0x0000000008000fda                FIFOBufferGetDataSize
 .text.FIFOBufferPeekData
                0x000000000800100e       0x4c Application/User/FIFOBuffer.o
                0x000000000800100e                FIFOBufferPeekData
 .text.FIFOBufferGetData
                0x000000000800105a       0x76 Application/User/FIFOBuffer.o
                0x000000000800105a                FIFOBufferGetData
 .text.FIFOBufferPutData
                0x00000000080010d0       0x76 Application/User/FIFOBuffer.o
                0x00000000080010d0                FIFOBufferPutData
 .text.FIFOBufferClear
                0x0000000008001146       0x50 Application/User/FIFOBuffer.o
                0x0000000008001146                FIFOBufferClear
 *fill*         0x0000000008001196        0x2 
 .text.StartCommandReceive
                0x0000000008001198       0x24 Application/User/command.o
                0x0000000008001198                StartCommandReceive
 .text.ReceiveCommand
                0x00000000080011bc       0x40 Application/User/command.o
                0x00000000080011bc                ReceiveCommand
 *fill*         0x00000000080011fc        0x4 
 .text.ProcessCommand
                0x0000000008001200       0xcc Application/User/command.o
                0x0000000008001200                ProcessCommand
 .text.ParseCommand
                0x00000000080012cc      0x1a8 Application/User/command.o
                0x00000000080012cc                ParseCommand
 .text.StartGPSReceive
                0x0000000008001474       0x24 Application/User/gps.o
                0x0000000008001474                StartGPSReceive
 .text.ConvertLatLng
                0x0000000008001498      0x13c Application/User/gps.o
                0x0000000008001498                ConvertLatLng
 .text.ComparePrefix
                0x00000000080015d4       0x4a Application/User/gps.o
                0x00000000080015d4                ComparePrefix
 *fill*         0x000000000800161e        0x2 
 .text.ParseGPSInfo
                0x0000000008001620      0x2f8 Application/User/gps.o
                0x0000000008001620                ParseGPSInfo
 .text.ProcessGPS
                0x0000000008001918      0x108 Application/User/gps.o
                0x0000000008001918                ProcessGPS
 .text.ReceiveGPSInfo
                0x0000000008001a20       0x40 Application/User/gps.o
                0x0000000008001a20                ReceiveGPSInfo
 .text.GetGPSPos
                0x0000000008001a60       0x4c Application/User/gps.o
                0x0000000008001a60                GetGPSPos
 .text.HAL_TIM_IC_CaptureCallback
                0x0000000008001aac       0x16 Application/User/main.o
                0x0000000008001aac                HAL_TIM_IC_CaptureCallback
 *fill*         0x0000000008001ac2        0x2 
 .text.HAL_TIM_PeriodElapsedCallback
                0x0000000008001ac4       0x48 Application/User/main.o
                0x0000000008001ac4                HAL_TIM_PeriodElapsedCallback
 .text.HAL_UART_RxCpltCallback
                0x0000000008001b0c       0x1c Application/User/main.o
                0x0000000008001b0c                HAL_UART_RxCpltCallback
 .text.HAL_UART_TxCpltCallback
                0x0000000008001b28       0x16 Application/User/main.o
                0x0000000008001b28                HAL_UART_TxCpltCallback
 *fill*         0x0000000008001b3e        0x2 
 .text.main     0x0000000008001b40      0x178 Application/User/main.o
                0x0000000008001b40                main
 .text.SystemClock_Config
                0x0000000008001cb8       0xbc Application/User/main.o
                0x0000000008001cb8                SystemClock_Config
 .text.MX_TIM2_Init
                0x0000000008001d74      0x10c Application/User/main.o
 .text.MX_TIM3_Init
                0x0000000008001e80      0x10c Application/User/main.o
 .text.MX_TIM4_Init
                0x0000000008001f8c       0x9c Application/User/main.o
 .text.MX_TIM8_Init
                0x0000000008002028      0x158 Application/User/main.o
 .text.MX_USART1_UART_Init
                0x0000000008002180       0x54 Application/User/main.o
 .text.MX_USART3_UART_Init
                0x00000000080021d4       0x54 Application/User/main.o
 .text.MX_GPIO_Init
                0x0000000008002228       0xa0 Application/User/main.o
 .text.Error_Handler
                0x00000000080022c8        0xe Application/User/main.o
                0x00000000080022c8                Error_Handler
 *fill*         0x00000000080022d6        0x2 
 .text.StartMotor
                0x00000000080022d8       0x50 Application/User/motor.o
                0x00000000080022d8                StartMotor
 .text.StopMotor
                0x0000000008002328       0x50 Application/User/motor.o
                0x0000000008002328                StopMotor
 .text.SetMotorSpeed
                0x0000000008002378       0x44 Application/User/motor.o
                0x0000000008002378                SetMotorSpeed
 .text.UpdateMotorSpeed
                0x00000000080023bc      0x114 Application/User/motor.o
                0x00000000080023bc                UpdateMotorSpeed
 .text.SendSensorStatus
                0x00000000080024d0      0x138 Application/User/status.o
                0x00000000080024d0                SendSensorStatus
 .text.ContinueStatusSend
                0x0000000008002608       0x48 Application/User/status.o
                0x0000000008002608                ContinueStatusSend
 .text.HAL_MspInit
                0x0000000008002650       0x50 Application/User/stm32f4xx_hal_msp.o
                0x0000000008002650                HAL_MspInit
 .text.HAL_TIM_Base_MspInit
                0x00000000080026a0      0x1bc Application/User/stm32f4xx_hal_msp.o
                0x00000000080026a0                HAL_TIM_Base_MspInit
 .text.HAL_TIM_MspPostInit
                0x000000000800285c       0x74 Application/User/stm32f4xx_hal_msp.o
                0x000000000800285c                HAL_TIM_MspPostInit
 .text.HAL_UART_MspInit
                0x00000000080028d0      0x120 Application/User/stm32f4xx_hal_msp.o
                0x00000000080028d0                HAL_UART_MspInit
 .text.NMI_Handler
                0x00000000080029f0        0xe Application/User/stm32f4xx_it.o
                0x00000000080029f0                NMI_Handler
 .text.HardFault_Handler
                0x00000000080029fe        0xa Application/User/stm32f4xx_it.o
                0x00000000080029fe                HardFault_Handler
 .text.MemManage_Handler
                0x0000000008002a08        0x6 Application/User/stm32f4xx_it.o
                0x0000000008002a08                MemManage_Handler
 .text.BusFault_Handler
                0x0000000008002a0e        0x6 Application/User/stm32f4xx_it.o
                0x0000000008002a0e                BusFault_Handler
 .text.UsageFault_Handler
                0x0000000008002a14        0x6 Application/User/stm32f4xx_it.o
                0x0000000008002a14                UsageFault_Handler
 .text.SVC_Handler
                0x0000000008002a1a        0xe Application/User/stm32f4xx_it.o
                0x0000000008002a1a                SVC_Handler
 .text.DebugMon_Handler
                0x0000000008002a28        0xe Application/User/stm32f4xx_it.o
                0x0000000008002a28                DebugMon_Handler
 .text.PendSV_Handler
                0x0000000008002a36        0xe Application/User/stm32f4xx_it.o
                0x0000000008002a36                PendSV_Handler
 .text.SysTick_Handler
                0x0000000008002a44        0xc Application/User/stm32f4xx_it.o
                0x0000000008002a44                SysTick_Handler
 .text.TIM2_IRQHandler
                0x0000000008002a50       0x14 Application/User/stm32f4xx_it.o
                0x0000000008002a50                TIM2_IRQHandler
 .text.TIM3_IRQHandler
                0x0000000008002a64       0x14 Application/User/stm32f4xx_it.o
                0x0000000008002a64                TIM3_IRQHandler
 .text.TIM4_IRQHandler
                0x0000000008002a78       0x14 Application/User/stm32f4xx_it.o
                0x0000000008002a78                TIM4_IRQHandler
 .text.USART1_IRQHandler
                0x0000000008002a8c       0x14 Application/User/stm32f4xx_it.o
                0x0000000008002a8c                USART1_IRQHandler
 .text.USART3_IRQHandler
                0x0000000008002aa0       0x14 Application/User/stm32f4xx_it.o
                0x0000000008002aa0                USART3_IRQHandler
 .text._sbrk    0x0000000008002ab4       0x6c Application/User/sysmem.o
                0x0000000008002ab4                _sbrk
 .text.StartUltrasound
                0x0000000008002b20       0xa8 Application/User/ultrasound.o
                0x0000000008002b20                StartUltrasound
 .text.SendUltrasoundTrigger
                0x0000000008002bc8       0x28 Application/User/ultrasound.o
                0x0000000008002bc8                SendUltrasoundTrigger
 .text.ComputeUltrasoundDist
                0x0000000008002bf0      0x28c Application/User/ultrasound.o
                0x0000000008002bf0                ComputeUltrasoundDist
 .text.GetUltrasoundDist
                0x0000000008002e7c       0xcc Application/User/ultrasound.o
                0x0000000008002e7c                GetUltrasoundDist
 .text.SystemInit
                0x0000000008002f48       0x2c Drivers/CMSIS/system_stm32f4xx.o
                0x0000000008002f48                SystemInit
 .text.HAL_Init
                0x0000000008002f74       0x44 Drivers/STM32F4xx_HAL_Driver/stm32f4xx_hal.o
                0x0000000008002f74                HAL_Init
 .text.HAL_InitTick
                0x0000000008002fb8       0x60 Drivers/STM32F4xx_HAL_Driver/stm32f4xx_hal.o
                0x0000000008002fb8                HAL_InitTick
 .text.HAL_IncTick
                0x0000000008003018       0x28 Drivers/STM32F4xx_HAL_Driver/stm32f4xx_hal.o
                0x0000000008003018                HAL_IncTick
 .text.HAL_GetTick
                0x0000000008003040       0x18 Drivers/STM32F4xx_HAL_Driver/stm32f4xx_hal.o
                0x0000000008003040                HAL_GetTick
 .text.HAL_Delay
                0x0000000008003058       0x44 Drivers/STM32F4xx_HAL_Driver/stm32f4xx_hal.o
                0x0000000008003058                HAL_Delay
 .text.__NVIC_SetPriorityGrouping
                0x000000000800309c       0x48 Drivers/STM32F4xx_HAL_Driver/stm32f4xx_hal_cortex.o
 .text.__NVIC_GetPriorityGrouping
                0x00000000080030e4       0x1c Drivers/STM32F4xx_HAL_Driver/stm32f4xx_hal_cortex.o
 .text.__NVIC_EnableIRQ
                0x0000000008003100       0x3c Drivers/STM32F4xx_HAL_Driver/stm32f4xx_hal_cortex.o
 .text.__NVIC_SetPriority
                0x000000000800313c       0x54 Drivers/STM32F4xx_HAL_Driver/stm32f4xx_hal_cortex.o
 .text.NVIC_EncodePriority
                0x0000000008003190       0x66 Drivers/STM32F4xx_HAL_Driver/stm32f4xx_hal_cortex.o
 *fill*         0x00000000080031f6        0x2 
 .text.SysTick_Config
                0x00000000080031f8       0x44 Drivers/STM32F4xx_HAL_Driver/stm32f4xx_hal_cortex.o
 .text.HAL_NVIC_SetPriorityGrouping
                0x000000000800323c       0x16 Drivers/STM32F4xx_HAL_Driver/stm32f4xx_hal_cortex.o
                0x000000000800323c                HAL_NVIC_SetPriorityGrouping
 .text.HAL_NVIC_SetPriority
                0x0000000008003252       0x38 Drivers/STM32F4xx_HAL_Driver/stm32f4xx_hal_cortex.o
                0x0000000008003252                HAL_NVIC_SetPriority
 .text.HAL_NVIC_EnableIRQ
                0x000000000800328a       0x1c Drivers/STM32F4xx_HAL_Driver/stm32f4xx_hal_cortex.o
                0x000000000800328a                HAL_NVIC_EnableIRQ
 .text.HAL_SYSTICK_Config
                0x00000000080032a6       0x18 Drivers/STM32F4xx_HAL_Driver/stm32f4xx_hal_cortex.o
                0x00000000080032a6                HAL_SYSTICK_Config
 .text.HAL_DMA_Abort_IT
                0x00000000080032be       0x44 Drivers/STM32F4xx_HAL_Driver/stm32f4xx_hal_dma.o
                0x00000000080032be                HAL_DMA_Abort_IT
 *fill*         0x0000000008003302        0x2 
 .text.HAL_GPIO_Init
                0x0000000008003304      0x334 Drivers/STM32F4xx_HAL_Driver/stm32f4xx_hal_gpio.o
                0x0000000008003304                HAL_GPIO_Init
 .text.HAL_GPIO_WritePin
                0x0000000008003638       0x32 Drivers/STM32F4xx_HAL_Driver/stm32f4xx_hal_gpio.o
                0x0000000008003638                HAL_GPIO_WritePin
 *fill*         0x000000000800366a        0x2 
 .text.HAL_RCC_OscConfig
                0x000000000800366c      0x4e0 Drivers/STM32F4xx_HAL_Driver/stm32f4xx_hal_rcc.o
                0x000000000800366c                HAL_RCC_OscConfig
 .text.HAL_RCC_ClockConfig
                0x0000000008003b4c      0x1cc Drivers/STM32F4xx_HAL_Driver/stm32f4xx_hal_rcc.o
                0x0000000008003b4c                HAL_RCC_ClockConfig
 .text.HAL_RCC_GetSysClockFreq
                0x0000000008003d18      0x164 Drivers/STM32F4xx_HAL_Driver/stm32f4xx_hal_rcc.o
                0x0000000008003d18                HAL_RCC_GetSysClockFreq
 .text.HAL_RCC_GetHCLKFreq
                0x0000000008003e7c       0x18 Drivers/STM32F4xx_HAL_Driver/stm32f4xx_hal_rcc.o
                0x0000000008003e7c                HAL_RCC_GetHCLKFreq
 .text.HAL_RCC_GetPCLK1Freq
                0x0000000008003e94       0x28 Drivers/STM32F4xx_HAL_Driver/stm32f4xx_hal_rcc.o
                0x0000000008003e94                HAL_RCC_GetPCLK1Freq
 .text.HAL_RCC_GetPCLK2Freq
                0x0000000008003ebc       0x28 Drivers/STM32F4xx_HAL_Driver/stm32f4xx_hal_rcc.o
                0x0000000008003ebc                HAL_RCC_GetPCLK2Freq
 .text.HAL_TIM_Base_Init
                0x0000000008003ee4       0x56 Drivers/STM32F4xx_HAL_Driver/stm32f4xx_hal_tim.o
                0x0000000008003ee4                HAL_TIM_Base_Init
 .text.HAL_TIM_Base_Start_IT
                0x0000000008003f3a       0x48 Drivers/STM32F4xx_HAL_Driver/stm32f4xx_hal_tim.o
                0x0000000008003f3a                HAL_TIM_Base_Start_IT
 .text.HAL_TIM_PWM_Init
                0x0000000008003f82       0x56 Drivers/STM32F4xx_HAL_Driver/stm32f4xx_hal_tim.o
                0x0000000008003f82                HAL_TIM_PWM_Init
 .text.HAL_TIM_PWM_MspInit
                0x0000000008003fd8       0x14 Drivers/STM32F4xx_HAL_Driver/stm32f4xx_hal_tim.o
                0x0000000008003fd8                HAL_TIM_PWM_MspInit
 .text.HAL_TIM_PWM_Start
                0x0000000008003fec       0x7c Drivers/STM32F4xx_HAL_Driver/stm32f4xx_hal_tim.o
                0x0000000008003fec                HAL_TIM_PWM_Start
 .text.HAL_TIM_PWM_Stop
                0x0000000008004068       0xb0 Drivers/STM32F4xx_HAL_Driver/stm32f4xx_hal_tim.o
                0x0000000008004068                HAL_TIM_PWM_Stop
 .text.HAL_TIM_IC_Init
                0x0000000008004118       0x56 Drivers/STM32F4xx_HAL_Driver/stm32f4xx_hal_tim.o
                0x0000000008004118                HAL_TIM_IC_Init
 .text.HAL_TIM_IC_MspInit
                0x000000000800416e       0x14 Drivers/STM32F4xx_HAL_Driver/stm32f4xx_hal_tim.o
                0x000000000800416e                HAL_TIM_IC_MspInit
 *fill*         0x0000000008004182        0x2 
 .text.HAL_TIM_IC_Start_IT
                0x0000000008004184       0xd0 Drivers/STM32F4xx_HAL_Driver/stm32f4xx_hal_tim.o
                0x0000000008004184                HAL_TIM_IC_Start_IT
 .text.HAL_TIM_IRQHandler
                0x0000000008004254      0x210 Drivers/STM32F4xx_HAL_Driver/stm32f4xx_hal_tim.o
                0x0000000008004254                HAL_TIM_IRQHandler
 .text.HAL_TIM_IC_ConfigChannel
                0x0000000008004464      0x138 Drivers/STM32F4xx_HAL_Driver/stm32f4xx_hal_tim.o
                0x0000000008004464                HAL_TIM_IC_ConfigChannel
 .text.HAL_TIM_PWM_ConfigChannel
                0x000000000800459c      0x18c Drivers/STM32F4xx_HAL_Driver/stm32f4xx_hal_tim.o
                0x000000000800459c                HAL_TIM_PWM_ConfigChannel
 .text.HAL_TIM_ConfigClockSource
                0x0000000008004728      0x16e Drivers/STM32F4xx_HAL_Driver/stm32f4xx_hal_tim.o
                0x0000000008004728                HAL_TIM_ConfigClockSource
 *fill*         0x0000000008004896        0x2 
 .text.HAL_TIM_ReadCapturedValue
                0x0000000008004898       0x88 Drivers/STM32F4xx_HAL_Driver/stm32f4xx_hal_tim.o
                0x0000000008004898                HAL_TIM_ReadCapturedValue
 .text.HAL_TIM_OC_DelayElapsedCallback
                0x0000000008004920       0x14 Drivers/STM32F4xx_HAL_Driver/stm32f4xx_hal_tim.o
                0x0000000008004920                HAL_TIM_OC_DelayElapsedCallback
 .text.HAL_TIM_PWM_PulseFinishedCallback
                0x0000000008004934       0x14 Drivers/STM32F4xx_HAL_Driver/stm32f4xx_hal_tim.o
                0x0000000008004934                HAL_TIM_PWM_PulseFinishedCallback
 .text.HAL_TIM_TriggerCallback
                0x0000000008004948       0x14 Drivers/STM32F4xx_HAL_Driver/stm32f4xx_hal_tim.o
                0x0000000008004948                HAL_TIM_TriggerCallback
 .text.TIM_Base_SetConfig
                0x000000000800495c      0x140 Drivers/STM32F4xx_HAL_Driver/stm32f4xx_hal_tim.o
                0x000000000800495c                TIM_Base_SetConfig
 .text.TIM_OC1_SetConfig
                0x0000000008004a9c       0xe0 Drivers/STM32F4xx_HAL_Driver/stm32f4xx_hal_tim.o
 .text.TIM_OC2_SetConfig
                0x0000000008004b7c       0xec Drivers/STM32F4xx_HAL_Driver/stm32f4xx_hal_tim.o
                0x0000000008004b7c                TIM_OC2_SetConfig
 .text.TIM_OC3_SetConfig
                0x0000000008004c68       0xe8 Drivers/STM32F4xx_HAL_Driver/stm32f4xx_hal_tim.o
 .text.TIM_OC4_SetConfig
                0x0000000008004d50       0xac Drivers/STM32F4xx_HAL_Driver/stm32f4xx_hal_tim.o
 .text.TIM_TI1_SetConfig
                0x0000000008004dfc       0xe8 Drivers/STM32F4xx_HAL_Driver/stm32f4xx_hal_tim.o
                0x0000000008004dfc                TIM_TI1_SetConfig
 .text.TIM_TI1_ConfigInputStage
                0x0000000008004ee4       0x5e Drivers/STM32F4xx_HAL_Driver/stm32f4xx_hal_tim.o
 .text.TIM_TI2_SetConfig
                0x0000000008004f42       0x7a Drivers/STM32F4xx_HAL_Driver/stm32f4xx_hal_tim.o
 .text.TIM_TI2_ConfigInputStage
                0x0000000008004fbc       0x60 Drivers/STM32F4xx_HAL_Driver/stm32f4xx_hal_tim.o
 .text.TIM_TI3_SetConfig
                0x000000000800501c       0x78 Drivers/STM32F4xx_HAL_Driver/stm32f4xx_hal_tim.o
 .text.TIM_TI4_SetConfig
                0x0000000008005094       0x7a Drivers/STM32F4xx_HAL_Driver/stm32f4xx_hal_tim.o
 .text.TIM_ITRx_SetConfig
                0x000000000800510e       0x36 Drivers/STM32F4xx_HAL_Driver/stm32f4xx_hal_tim.o
 .text.TIM_ETR_SetConfig
                0x0000000008005144       0x40 Drivers/STM32F4xx_HAL_Driver/stm32f4xx_hal_tim.o
                0x0000000008005144                TIM_ETR_SetConfig
 .text.TIM_CCxChannelCmd
                0x0000000008005184       0x4a Drivers/STM32F4xx_HAL_Driver/stm32f4xx_hal_tim.o
                0x0000000008005184                TIM_CCxChannelCmd
 *fill*         0x00000000080051ce        0x2 
 .text.HAL_TIMEx_MasterConfigSynchronization
                0x00000000080051d0       0xf8 Drivers/STM32F4xx_HAL_Driver/stm32f4xx_hal_tim_ex.o
                0x00000000080051d0                HAL_TIMEx_MasterConfigSynchronization
 .text.HAL_TIMEx_ConfigBreakDeadTime
                0x00000000080052c8       0xa4 Drivers/STM32F4xx_HAL_Driver/stm32f4xx_hal_tim_ex.o
                0x00000000080052c8                HAL_TIMEx_ConfigBreakDeadTime
 .text.HAL_TIMEx_CommutCallback
                0x000000000800536c       0x14 Drivers/STM32F4xx_HAL_Driver/stm32f4xx_hal_tim_ex.o
                0x000000000800536c                HAL_TIMEx_CommutCallback
 .text.HAL_TIMEx_BreakCallback
                0x0000000008005380       0x14 Drivers/STM32F4xx_HAL_Driver/stm32f4xx_hal_tim_ex.o
                0x0000000008005380                HAL_TIMEx_BreakCallback
 .text.HAL_UART_Init
                0x0000000008005394       0x9a Drivers/STM32F4xx_HAL_Driver/stm32f4xx_hal_uart.o
                0x0000000008005394                HAL_UART_Init
 .text.HAL_UART_Transmit_IT
                0x000000000800542e       0x8a Drivers/STM32F4xx_HAL_Driver/stm32f4xx_hal_uart.o
                0x000000000800542e                HAL_UART_Transmit_IT
 .text.HAL_UART_Receive_IT
                0x00000000080054b8       0xaa Drivers/STM32F4xx_HAL_Driver/stm32f4xx_hal_uart.o
                0x00000000080054b8                HAL_UART_Receive_IT
 *fill*         0x0000000008005562        0x2 
 .text.HAL_UART_IRQHandler
                0x0000000008005564      0x200 Drivers/STM32F4xx_HAL_Driver/stm32f4xx_hal_uart.o
                0x0000000008005564                HAL_UART_IRQHandler
 .text.HAL_UART_ErrorCallback
                0x0000000008005764       0x14 Drivers/STM32F4xx_HAL_Driver/stm32f4xx_hal_uart.o
                0x0000000008005764                HAL_UART_ErrorCallback
 .text.UART_EndRxTransfer
                0x0000000008005778       0x3c Drivers/STM32F4xx_HAL_Driver/stm32f4xx_hal_uart.o
 .text.UART_DMAAbortOnError
                0x00000000080057b4       0x28 Drivers/STM32F4xx_HAL_Driver/stm32f4xx_hal_uart.o
 .text.UART_Transmit_IT
                0x00000000080057dc       0xac Drivers/STM32F4xx_HAL_Driver/stm32f4xx_hal_uart.o
 .text.UART_EndTransmit_IT
                0x0000000008005888       0x30 Drivers/STM32F4xx_HAL_Driver/stm32f4xx_hal_uart.o
 .text.UART_Receive_IT
                0x00000000080058b8      0x102 Drivers/STM32F4xx_HAL_Driver/stm32f4xx_hal_uart.o
 *fill*         0x00000000080059ba        0x2 
 .text.UART_SetConfig
                0x00000000080059bc      0x6f8 Drivers/STM32F4xx_HAL_Driver/stm32f4xx_hal_uart.o
 .text.atof     0x00000000080060b4        0x6 /opt/st/stm32cubeide_1.5.0/plugins/com.st.stm32cube.ide.mcu.externaltools.gnu-tools-for-stm32.7-2018-q2-update.linux64_1.5.0.202011040924/tools/bin/../lib/gcc/arm-none-eabi/7.3.1/../../../../arm-none-eabi/lib/thumb/v7e-m/fpv4-sp/hard/libc_nano.a(lib_a-atof.o)
                0x00000000080060b4                atof
 .text.atoi     0x00000000080060ba        0x8 /opt/st/stm32cubeide_1.5.0/plugins/com.st.stm32cube.ide.mcu.externaltools.gnu-tools-for-stm32.7-2018-q2-update.linux64_1.5.0.202011040924/tools/bin/../lib/gcc/arm-none-eabi/7.3.1/../../../../arm-none-eabi/lib/thumb/v7e-m/fpv4-sp/hard/libc_nano.a(lib_a-atoi.o)
                0x00000000080060ba                atoi
 *fill*         0x00000000080060c2        0x2 
 .text.__errno  0x00000000080060c4        0xc /opt/st/stm32cubeide_1.5.0/plugins/com.st.stm32cube.ide.mcu.externaltools.gnu-tools-for-stm32.7-2018-q2-update.linux64_1.5.0.202011040924/tools/bin/../lib/gcc/arm-none-eabi/7.3.1/../../../../arm-none-eabi/lib/thumb/v7e-m/fpv4-sp/hard/libc_nano.a(lib_a-errno.o)
                0x00000000080060c4                __errno
 .text.__libc_init_array
                0x00000000080060d0       0x48 /opt/st/stm32cubeide_1.5.0/plugins/com.st.stm32cube.ide.mcu.externaltools.gnu-tools-for-stm32.7-2018-q2-update.linux64_1.5.0.202011040924/tools/bin/../lib/gcc/arm-none-eabi/7.3.1/../../../../arm-none-eabi/lib/thumb/v7e-m/fpv4-sp/hard/libc_nano.a(lib_a-init.o)
                0x00000000080060d0                __libc_init_array
 .text.memset   0x0000000008006118       0x10 /opt/st/stm32cubeide_1.5.0/plugins/com.st.stm32cube.ide.mcu.externaltools.gnu-tools-for-stm32.7-2018-q2-update.linux64_1.5.0.202011040924/tools/bin/../lib/gcc/arm-none-eabi/7.3.1/../../../../arm-none-eabi/lib/thumb/v7e-m/fpv4-sp/hard/libc_nano.a(lib_a-memset.o)
                0x0000000008006118                memset
 .text.sprintf  0x0000000008006128       0x40 /opt/st/stm32cubeide_1.5.0/plugins/com.st.stm32cube.ide.mcu.externaltools.gnu-tools-for-stm32.7-2018-q2-update.linux64_1.5.0.202011040924/tools/bin/../lib/gcc/arm-none-eabi/7.3.1/../../../../arm-none-eabi/lib/thumb/v7e-m/fpv4-sp/hard/libc_nano.a(lib_a-sprintf.o)
                0x0000000008006128                sprintf
                0x0000000008006128                siprintf
 .text.strcpy   0x0000000008006168       0x10 /opt/st/stm32cubeide_1.5.0/plugins/com.st.stm32cube.ide.mcu.externaltools.gnu-tools-for-stm32.7-2018-q2-update.linux64_1.5.0.202011040924/tools/bin/../lib/gcc/arm-none-eabi/7.3.1/../../../../arm-none-eabi/lib/thumb/v7e-m/fpv4-sp/hard/libc_nano.a(lib_a-strcpy.o)
                0x0000000008006168                strcpy
 .text.strncpy  0x0000000008006178       0x2a /opt/st/stm32cubeide_1.5.0/plugins/com.st.stm32cube.ide.mcu.externaltools.gnu-tools-for-stm32.7-2018-q2-update.linux64_1.5.0.202011040924/tools/bin/../lib/gcc/arm-none-eabi/7.3.1/../../../../arm-none-eabi/lib/thumb/v7e-m/fpv4-sp/hard/libc_nano.a(lib_a-strncpy.o)
                0x0000000008006178                strncpy
 .text.unlikely.sulp
                0x00000000080061a2       0x38 /opt/st/stm32cubeide_1.5.0/plugins/com.st.stm32cube.ide.mcu.externaltools.gnu-tools-for-stm32.7-2018-q2-update.linux64_1.5.0.202011040924/tools/bin/../lib/gcc/arm-none-eabi/7.3.1/../../../../arm-none-eabi/lib/thumb/v7e-m/fpv4-sp/hard/libc_nano.a(lib_a-strtod.o)
 *fill*         0x00000000080061da        0x6 
 .text._strtod_l
                0x00000000080061e0      0xbe8 /opt/st/stm32cubeide_1.5.0/plugins/com.st.stm32cube.ide.mcu.externaltools.gnu-tools-for-stm32.7-2018-q2-update.linux64_1.5.0.202011040924/tools/bin/../lib/gcc/arm-none-eabi/7.3.1/../../../../arm-none-eabi/lib/thumb/v7e-m/fpv4-sp/hard/libc_nano.a(lib_a-strtod.o)
                0x00000000080061e0                _strtod_l
 .text.strtod   0x0000000008006dc8       0x28 /opt/st/stm32cubeide_1.5.0/plugins/com.st.stm32cube.ide.mcu.externaltools.gnu-tools-for-stm32.7-2018-q2-update.linux64_1.5.0.202011040924/tools/bin/../lib/gcc/arm-none-eabi/7.3.1/../../../../arm-none-eabi/lib/thumb/v7e-m/fpv4-sp/hard/libc_nano.a(lib_a-strtod.o)
                0x0000000008006dc8                strtod
 .text._strtol_l.isra.0
                0x0000000008006df0       0xf6 /opt/st/stm32cubeide_1.5.0/plugins/com.st.stm32cube.ide.mcu.externaltools.gnu-tools-for-stm32.7-2018-q2-update.linux64_1.5.0.202011040924/tools/bin/../lib/gcc/arm-none-eabi/7.3.1/../../../../arm-none-eabi/lib/thumb/v7e-m/fpv4-sp/hard/libc_nano.a(lib_a-strtol.o)
 *fill*         0x0000000008006ee6        0x2 
 .text.strtol   0x0000000008006ee8       0x2c /opt/st/stm32cubeide_1.5.0/plugins/com.st.stm32cube.ide.mcu.externaltools.gnu-tools-for-stm32.7-2018-q2-update.linux64_1.5.0.202011040924/tools/bin/../lib/gcc/arm-none-eabi/7.3.1/../../../../arm-none-eabi/lib/thumb/v7e-m/fpv4-sp/hard/libc_nano.a(lib_a-strtol.o)
                0x0000000008006ee8                strtol
 .text.rshift   0x0000000008006f14       0x74 /opt/st/stm32cubeide_1.5.0/plugins/com.st.stm32cube.ide.mcu.externaltools.gnu-tools-for-stm32.7-2018-q2-update.linux64_1.5.0.202011040924/tools/bin/../lib/gcc/arm-none-eabi/7.3.1/../../../../arm-none-eabi/lib/thumb/v7e-m/fpv4-sp/hard/libc_nano.a(lib_a-gdtoa-gethex.o)
 .text.__hexdig_fun
                0x0000000008006f88       0x2a /opt/st/stm32cubeide_1.5.0/plugins/com.st.stm32cube.ide.mcu.externaltools.gnu-tools-for-stm32.7-2018-q2-update.linux64_1.5.0.202011040924/tools/bin/../lib/gcc/arm-none-eabi/7.3.1/../../../../arm-none-eabi/lib/thumb/v7e-m/fpv4-sp/hard/libc_nano.a(lib_a-gdtoa-gethex.o)
                0x0000000008006f88                __hexdig_fun
 .text.__gethex
                0x0000000008006fb2      0x442 /opt/st/stm32cubeide_1.5.0/plugins/com.st.stm32cube.ide.mcu.externaltools.gnu-tools-for-stm32.7-2018-q2-update.linux64_1.5.0.202011040924/tools/bin/../lib/gcc/arm-none-eabi/7.3.1/../../../../arm-none-eabi/lib/thumb/v7e-m/fpv4-sp/hard/libc_nano.a(lib_a-gdtoa-gethex.o)
                0x0000000008006fb2                __gethex
 .text.L_shift  0x00000000080073f4       0x24 /opt/st/stm32cubeide_1.5.0/plugins/com.st.stm32cube.ide.mcu.externaltools.gnu-tools-for-stm32.7-2018-q2-update.linux64_1.5.0.202011040924/tools/bin/../lib/gcc/arm-none-eabi/7.3.1/../../../../arm-none-eabi/lib/thumb/v7e-m/fpv4-sp/hard/libc_nano.a(lib_a-gdtoa-hexnan.o)
 .text.__match  0x0000000008007418       0x28 /opt/st/stm32cubeide_1.5.0/plugins/com.st.stm32cube.ide.mcu.externaltools.gnu-tools-for-stm32.7-2018-q2-update.linux64_1.5.0.202011040924/tools/bin/../lib/gcc/arm-none-eabi/7.3.1/../../../../arm-none-eabi/lib/thumb/v7e-m/fpv4-sp/hard/libc_nano.a(lib_a-gdtoa-hexnan.o)
                0x0000000008007418                __match
 .text.__hexnan
                0x0000000008007440      0x120 /opt/st/stm32cubeide_1.5.0/plugins/com.st.stm32cube.ide.mcu.externaltools.gnu-tools-for-stm32.7-2018-q2-update.linux64_1.5.0.202011040924/tools/bin/../lib/gcc/arm-none-eabi/7.3.1/../../../../arm-none-eabi/lib/thumb/v7e-m/fpv4-sp/hard/libc_nano.a(lib_a-gdtoa-hexnan.o)
                0x0000000008007440                __hexnan
 .text.__locale_ctype_ptr_l
                0x0000000008007560        0x6 /opt/st/stm32cubeide_1.5.0/plugins/com.st.stm32cube.ide.mcu.externaltools.gnu-tools-for-stm32.7-2018-q2-update.linux64_1.5.0.202011040924/tools/bin/../lib/gcc/arm-none-eabi/7.3.1/../../../../arm-none-eabi/lib/thumb/v7e-m/fpv4-sp/hard/libc_nano.a(lib_a-locale.o)
                0x0000000008007560                __locale_ctype_ptr_l
 .text.__localeconv_l
                0x0000000008007566        0x4 /opt/st/stm32cubeide_1.5.0/plugins/com.st.stm32cube.ide.mcu.externaltools.gnu-tools-for-stm32.7-2018-q2-update.linux64_1.5.0.202011040924/tools/bin/../lib/gcc/arm-none-eabi/7.3.1/../../../../arm-none-eabi/lib/thumb/v7e-m/fpv4-sp/hard/libc_nano.a(lib_a-localeconv.o)
                0x0000000008007566                __localeconv_l
 .text.__ascii_mbtowc
                0x000000000800756a       0x24 /opt/st/stm32cubeide_1.5.0/plugins/com.st.stm32cube.ide.mcu.externaltools.gnu-tools-for-stm32.7-2018-q2-update.linux64_1.5.0.202011040924/tools/bin/../lib/gcc/arm-none-eabi/7.3.1/../../../../arm-none-eabi/lib/thumb/v7e-m/fpv4-sp/hard/libc_nano.a(lib_a-mbtowc_r.o)
                0x000000000800756a                __ascii_mbtowc
 .text.memcpy   0x000000000800758e       0x16 /opt/st/stm32cubeide_1.5.0/plugins/com.st.stm32cube.ide.mcu.externaltools.gnu-tools-for-stm32.7-2018-q2-update.linux64_1.5.0.202011040924/tools/bin/../lib/gcc/arm-none-eabi/7.3.1/../../../../arm-none-eabi/lib/thumb/v7e-m/fpv4-sp/hard/libc_nano.a(lib_a-memcpy-stub.o)
                0x000000000800758e                memcpy
 .text._Balloc  0x00000000080075a4       0x68 /opt/st/stm32cubeide_1.5.0/plugins/com.st.stm32cube.ide.mcu.externaltools.gnu-tools-for-stm32.7-2018-q2-update.linux64_1.5.0.202011040924/tools/bin/../lib/gcc/arm-none-eabi/7.3.1/../../../../arm-none-eabi/lib/thumb/v7e-m/fpv4-sp/hard/libc_nano.a(lib_a-mprec.o)
                0x00000000080075a4                _Balloc
 .text._Bfree   0x000000000800760c       0x2e /opt/st/stm32cubeide_1.5.0/plugins/com.st.stm32cube.ide.mcu.externaltools.gnu-tools-for-stm32.7-2018-q2-update.linux64_1.5.0.202011040924/tools/bin/../lib/gcc/arm-none-eabi/7.3.1/../../../../arm-none-eabi/lib/thumb/v7e-m/fpv4-sp/hard/libc_nano.a(lib_a-mprec.o)
                0x000000000800760c                _Bfree
 .text.__multadd
                0x000000000800763a       0x76 /opt/st/stm32cubeide_1.5.0/plugins/com.st.stm32cube.ide.mcu.externaltools.gnu-tools-for-stm32.7-2018-q2-update.linux64_1.5.0.202011040924/tools/bin/../lib/gcc/arm-none-eabi/7.3.1/../../../../arm-none-eabi/lib/thumb/v7e-m/fpv4-sp/hard/libc_nano.a(lib_a-mprec.o)
                0x000000000800763a                __multadd
 .text.__s2b    0x00000000080076b0       0x7c /opt/st/stm32cubeide_1.5.0/plugins/com.st.stm32cube.ide.mcu.externaltools.gnu-tools-for-stm32.7-2018-q2-update.linux64_1.5.0.202011040924/tools/bin/../lib/gcc/arm-none-eabi/7.3.1/../../../../arm-none-eabi/lib/thumb/v7e-m/fpv4-sp/hard/libc_nano.a(lib_a-mprec.o)
                0x00000000080076b0                __s2b
 .text.__hi0bits
                0x000000000800772c       0x3e /opt/st/stm32cubeide_1.5.0/plugins/com.st.stm32cube.ide.mcu.externaltools.gnu-tools-for-stm32.7-2018-q2-update.linux64_1.5.0.202011040924/tools/bin/../lib/gcc/arm-none-eabi/7.3.1/../../../../arm-none-eabi/lib/thumb/v7e-m/fpv4-sp/hard/libc_nano.a(lib_a-mprec.o)
                0x000000000800772c                __hi0bits
 .text.__lo0bits
                0x000000000800776a       0x5e /opt/st/stm32cubeide_1.5.0/plugins/com.st.stm32cube.ide.mcu.externaltools.gnu-tools-for-stm32.7-2018-q2-update.linux64_1.5.0.202011040924/tools/bin/../lib/gcc/arm-none-eabi/7.3.1/../../../../arm-none-eabi/lib/thumb/v7e-m/fpv4-sp/hard/libc_nano.a(lib_a-mprec.o)
                0x000000000800776a                __lo0bits
 .text.__i2b    0x00000000080077c8       0x12 /opt/st/stm32cubeide_1.5.0/plugins/com.st.stm32cube.ide.mcu.externaltools.gnu-tools-for-stm32.7-2018-q2-update.linux64_1.5.0.202011040924/tools/bin/../lib/gcc/arm-none-eabi/7.3.1/../../../../arm-none-eabi/lib/thumb/v7e-m/fpv4-sp/hard/libc_nano.a(lib_a-mprec.o)
                0x00000000080077c8                __i2b
 .text.__multiply
                0x00000000080077da      0x12c /opt/st/stm32cubeide_1.5.0/plugins/com.st.stm32cube.ide.mcu.externaltools.gnu-tools-for-stm32.7-2018-q2-update.linux64_1.5.0.202011040924/tools/bin/../lib/gcc/arm-none-eabi/7.3.1/../../../../arm-none-eabi/lib/thumb/v7e-m/fpv4-sp/hard/libc_nano.a(lib_a-mprec.o)
                0x00000000080077da                __multiply
 *fill*         0x0000000008007906        0x2 
 .text.__pow5mult
                0x0000000008007908       0x9c /opt/st/stm32cubeide_1.5.0/plugins/com.st.stm32cube.ide.mcu.externaltools.gnu-tools-for-stm32.7-2018-q2-update.linux64_1.5.0.202011040924/tools/bin/../lib/gcc/arm-none-eabi/7.3.1/../../../../arm-none-eabi/lib/thumb/v7e-m/fpv4-sp/hard/libc_nano.a(lib_a-mprec.o)
                0x0000000008007908                __pow5mult
 .text.__lshift
                0x00000000080079a4       0xa8 /opt/st/stm32cubeide_1.5.0/plugins/com.st.stm32cube.ide.mcu.externaltools.gnu-tools-for-stm32.7-2018-q2-update.linux64_1.5.0.202011040924/tools/bin/../lib/gcc/arm-none-eabi/7.3.1/../../../../arm-none-eabi/lib/thumb/v7e-m/fpv4-sp/hard/libc_nano.a(lib_a-mprec.o)
                0x00000000080079a4                __lshift
 .text.__mcmp   0x0000000008007a4c       0x34 /opt/st/stm32cubeide_1.5.0/plugins/com.st.stm32cube.ide.mcu.externaltools.gnu-tools-for-stm32.7-2018-q2-update.linux64_1.5.0.202011040924/tools/bin/../lib/gcc/arm-none-eabi/7.3.1/../../../../arm-none-eabi/lib/thumb/v7e-m/fpv4-sp/hard/libc_nano.a(lib_a-mprec.o)
                0x0000000008007a4c                __mcmp
 .text.__mdiff  0x0000000008007a80       0xba /opt/st/stm32cubeide_1.5.0/plugins/com.st.stm32cube.ide.mcu.externaltools.gnu-tools-for-stm32.7-2018-q2-update.linux64_1.5.0.202011040924/tools/bin/../lib/gcc/arm-none-eabi/7.3.1/../../../../arm-none-eabi/lib/thumb/v7e-m/fpv4-sp/hard/libc_nano.a(lib_a-mprec.o)
                0x0000000008007a80                __mdiff
 *fill*         0x0000000008007b3a        0x2 
 .text.__ulp    0x0000000008007b3c       0x50 /opt/st/stm32cubeide_1.5.0/plugins/com.st.stm32cube.ide.mcu.externaltools.gnu-tools-for-stm32.7-2018-q2-update.linux64_1.5.0.202011040924/tools/bin/../lib/gcc/arm-none-eabi/7.3.1/../../../../arm-none-eabi/lib/thumb/v7e-m/fpv4-sp/hard/libc_nano.a(lib_a-mprec.o)
                0x0000000008007b3c                __ulp
 .text.__b2d    0x0000000008007b8c       0x9c /opt/st/stm32cubeide_1.5.0/plugins/com.st.stm32cube.ide.mcu.externaltools.gnu-tools-for-stm32.7-2018-q2-update.linux64_1.5.0.202011040924/tools/bin/../lib/gcc/arm-none-eabi/7.3.1/../../../../arm-none-eabi/lib/thumb/v7e-m/fpv4-sp/hard/libc_nano.a(lib_a-mprec.o)
                0x0000000008007b8c                __b2d
 .text.__d2b    0x0000000008007c28       0x9e /opt/st/stm32cubeide_1.5.0/plugins/com.st.stm32cube.ide.mcu.externaltools.gnu-tools-for-stm32.7-2018-q2-update.linux64_1.5.0.202011040924/tools/bin/../lib/gcc/arm-none-eabi/7.3.1/../../../../arm-none-eabi/lib/thumb/v7e-m/fpv4-sp/hard/libc_nano.a(lib_a-mprec.o)
                0x0000000008007c28                __d2b
 .text.__ratio  0x0000000008007cc6       0x66 /opt/st/stm32cubeide_1.5.0/plugins/com.st.stm32cube.ide.mcu.externaltools.gnu-tools-for-stm32.7-2018-q2-update.linux64_1.5.0.202011040924/tools/bin/../lib/gcc/arm-none-eabi/7.3.1/../../../../arm-none-eabi/lib/thumb/v7e-m/fpv4-sp/hard/libc_nano.a(lib_a-mprec.o)
                0x0000000008007cc6                __ratio
 .text.__copybits
                0x0000000008007d2c       0x34 /opt/st/stm32cubeide_1.5.0/plugins/com.st.stm32cube.ide.mcu.externaltools.gnu-tools-for-stm32.7-2018-q2-update.linux64_1.5.0.202011040924/tools/bin/../lib/gcc/arm-none-eabi/7.3.1/../../../../arm-none-eabi/lib/thumb/v7e-m/fpv4-sp/hard/libc_nano.a(lib_a-mprec.o)
                0x0000000008007d2c                __copybits
 .text.__any_on
                0x0000000008007d60       0x42 /opt/st/stm32cubeide_1.5.0/plugins/com.st.stm32cube.ide.mcu.externaltools.gnu-tools-for-stm32.7-2018-q2-update.linux64_1.5.0.202011040924/tools/bin/../lib/gcc/arm-none-eabi/7.3.1/../../../../arm-none-eabi/lib/thumb/v7e-m/fpv4-sp/hard/libc_nano.a(lib_a-mprec.o)
                0x0000000008007d60                __any_on
 .text._calloc_r
                0x0000000008007da2       0x1c /opt/st/stm32cubeide_1.5.0/plugins/com.st.stm32cube.ide.mcu.externaltools.gnu-tools-for-stm32.7-2018-q2-update.linux64_1.5.0.202011040924/tools/bin/../lib/gcc/arm-none-eabi/7.3.1/../../../../arm-none-eabi/lib/thumb/v7e-m/fpv4-sp/hard/libc_nano.a(lib_a-nano-callocr.o)
                0x0000000008007da2                _calloc_r
 *fill*         0x0000000008007dbe        0x2 
 .text._malloc_r
                0x0000000008007dc0       0xb4 /opt/st/stm32cubeide_1.5.0/plugins/com.st.stm32cube.ide.mcu.externaltools.gnu-tools-for-stm32.7-2018-q2-update.linux64_1.5.0.202011040924/tools/bin/../lib/gcc/arm-none-eabi/7.3.1/../../../../arm-none-eabi/lib/thumb/v7e-m/fpv4-sp/hard/libc_nano.a(lib_a-nano-mallocr.o)
                0x0000000008007dc0                _malloc_r
 .text.__ssputs_r
                0x0000000008007e74       0xb4 /opt/st/stm32cubeide_1.5.0/plugins/com.st.stm32cube.ide.mcu.externaltools.gnu-tools-for-stm32.7-2018-q2-update.linux64_1.5.0.202011040924/tools/bin/../lib/gcc/arm-none-eabi/7.3.1/../../../../arm-none-eabi/lib/thumb/v7e-m/fpv4-sp/hard/libc_nano.a(lib_a-nano-svfprintf.o)
                0x0000000008007e74                __ssputs_r
 .text._svfprintf_r
                0x0000000008007f28      0x1f0 /opt/st/stm32cubeide_1.5.0/plugins/com.st.stm32cube.ide.mcu.externaltools.gnu-tools-for-stm32.7-2018-q2-update.linux64_1.5.0.202011040924/tools/bin/../lib/gcc/arm-none-eabi/7.3.1/../../../../arm-none-eabi/lib/thumb/v7e-m/fpv4-sp/hard/libc_nano.a(lib_a-nano-svfprintf.o)
                0x0000000008007f28                _svfprintf_r
                0x0000000008007f28                _svfiprintf_r
 .text._printf_common
                0x0000000008008118       0xea /opt/st/stm32cubeide_1.5.0/plugins/com.st.stm32cube.ide.mcu.externaltools.gnu-tools-for-stm32.7-2018-q2-update.linux64_1.5.0.202011040924/tools/bin/../lib/gcc/arm-none-eabi/7.3.1/../../../../arm-none-eabi/lib/thumb/v7e-m/fpv4-sp/hard/libc_nano.a(lib_a-nano-vfprintf_i.o)
                0x0000000008008118                _printf_common
 *fill*         0x0000000008008202        0x2 
 .text._printf_i
                0x0000000008008204      0x224 /opt/st/stm32cubeide_1.5.0/plugins/com.st.stm32cube.ide.mcu.externaltools.gnu-tools-for-stm32.7-2018-q2-update.linux64_1.5.0.202011040924/tools/bin/../lib/gcc/arm-none-eabi/7.3.1/../../../../arm-none-eabi/lib/thumb/v7e-m/fpv4-sp/hard/libc_nano.a(lib_a-nano-vfprintf_i.o)
                0x0000000008008204                _printf_i
 .text._sbrk_r  0x0000000008008428       0x20 /opt/st/stm32cubeide_1.5.0/plugins/com.st.stm32cube.ide.mcu.externaltools.gnu-tools-for-stm32.7-2018-q2-update.linux64_1.5.0.202011040924/tools/bin/../lib/gcc/arm-none-eabi/7.3.1/../../../../arm-none-eabi/lib/thumb/v7e-m/fpv4-sp/hard/libc_nano.a(lib_a-sbrkr.o)
                0x0000000008008428                _sbrk_r
 .text.strncmp  0x0000000008008448       0x24 /opt/st/stm32cubeide_1.5.0/plugins/com.st.stm32cube.ide.mcu.externaltools.gnu-tools-for-stm32.7-2018-q2-update.linux64_1.5.0.202011040924/tools/bin/../lib/gcc/arm-none-eabi/7.3.1/../../../../arm-none-eabi/lib/thumb/v7e-m/fpv4-sp/hard/libc_nano.a(lib_a-strncmp.o)
                0x0000000008008448                strncmp
 .text.__ascii_wctomb
                0x000000000800846c       0x1a /opt/st/stm32cubeide_1.5.0/plugins/com.st.stm32cube.ide.mcu.externaltools.gnu-tools-for-stm32.7-2018-q2-update.linux64_1.5.0.202011040924/tools/bin/../lib/gcc/arm-none-eabi/7.3.1/../../../../arm-none-eabi/lib/thumb/v7e-m/fpv4-sp/hard/libc_nano.a(lib_a-wctomb_r.o)
                0x000000000800846c                __ascii_wctomb
 *fill*         0x0000000008008486        0x2 
 .text.malloc   0x0000000008008488       0x10 /opt/st/stm32cubeide_1.5.0/plugins/com.st.stm32cube.ide.mcu.externaltools.gnu-tools-for-stm32.7-2018-q2-update.linux64_1.5.0.202011040924/tools/bin/../lib/gcc/arm-none-eabi/7.3.1/../../../../arm-none-eabi/lib/thumb/v7e-m/fpv4-sp/hard/libc_nano.a(lib_a-malloc.o)
                0x0000000008008488                malloc
 .text.memmove  0x0000000008008498       0x32 /opt/st/stm32cubeide_1.5.0/plugins/com.st.stm32cube.ide.mcu.externaltools.gnu-tools-for-stm32.7-2018-q2-update.linux64_1.5.0.202011040924/tools/bin/../lib/gcc/arm-none-eabi/7.3.1/../../../../arm-none-eabi/lib/thumb/v7e-m/fpv4-sp/hard/libc_nano.a(lib_a-memmove.o)
                0x0000000008008498                memmove
 .text.__malloc_lock
                0x00000000080084ca        0x2 /opt/st/stm32cubeide_1.5.0/plugins/com.st.stm32cube.ide.mcu.externaltools.gnu-tools-for-stm32.7-2018-q2-update.linux64_1.5.0.202011040924/tools/bin/../lib/gcc/arm-none-eabi/7.3.1/../../../../arm-none-eabi/lib/thumb/v7e-m/fpv4-sp/hard/libc_nano.a(lib_a-mlock.o)
                0x00000000080084ca                __malloc_lock
 .text.__malloc_unlock
                0x00000000080084cc        0x2 /opt/st/stm32cubeide_1.5.0/plugins/com.st.stm32cube.ide.mcu.externaltools.gnu-tools-for-stm32.7-2018-q2-update.linux64_1.5.0.202011040924/tools/bin/../lib/gcc/arm-none-eabi/7.3.1/../../../../arm-none-eabi/lib/thumb/v7e-m/fpv4-sp/hard/libc_nano.a(lib_a-mlock.o)
                0x00000000080084cc                __malloc_unlock
 *fill*         0x00000000080084ce        0x2 
 .text._free_r  0x00000000080084d0       0x9c /opt/st/stm32cubeide_1.5.0/plugins/com.st.stm32cube.ide.mcu.externaltools.gnu-tools-for-stm32.7-2018-q2-update.linux64_1.5.0.202011040924/tools/bin/../lib/gcc/arm-none-eabi/7.3.1/../../../../arm-none-eabi/lib/thumb/v7e-m/fpv4-sp/hard/libc_nano.a(lib_a-nano-freer.o)
                0x00000000080084d0                _free_r
 .text._realloc_r
                0x000000000800856c       0x4c /opt/st/stm32cubeide_1.5.0/plugins/com.st.stm32cube.ide.mcu.externaltools.gnu-tools-for-stm32.7-2018-q2-update.linux64_1.5.0.202011040924/tools/bin/../lib/gcc/arm-none-eabi/7.3.1/../../../../arm-none-eabi/lib/thumb/v7e-m/fpv4-sp/hard/libc_nano.a(lib_a-nano-reallocr.o)
                0x000000000800856c                _realloc_r
 .text._malloc_usable_size_r
                0x00000000080085b8       0x10 /opt/st/stm32cubeide_1.5.0/plugins/com.st.stm32cube.ide.mcu.externaltools.gnu-tools-for-stm32.7-2018-q2-update.linux64_1.5.0.202011040924/tools/bin/../lib/gcc/arm-none-eabi/7.3.1/../../../../arm-none-eabi/lib/thumb/v7e-m/fpv4-sp/hard/libc_nano.a(lib_a-nano-msizer.o)
                0x00000000080085b8                _malloc_usable_size_r
 .text.fmod     0x00000000080085c8       0xc8 /opt/st/stm32cubeide_1.5.0/plugins/com.st.stm32cube.ide.mcu.externaltools.gnu-tools-for-stm32.7-2018-q2-update.linux64_1.5.0.202011040924/tools/bin/../lib/gcc/arm-none-eabi/7.3.1/../../../../arm-none-eabi/lib/thumb/v7e-m/fpv4-sp/hard/libm.a(lib_a-w_fmod.o)
                0x00000000080085c8                fmod
 .text.__ieee754_fmod
                0x0000000008008690      0x224 /opt/st/stm32cubeide_1.5.0/plugins/com.st.stm32cube.ide.mcu.externaltools.gnu-tools-for-stm32.7-2018-q2-update.linux64_1.5.0.202011040924/tools/bin/../lib/gcc/arm-none-eabi/7.3.1/../../../../arm-none-eabi/lib/thumb/v7e-m/fpv4-sp/hard/libm.a(lib_a-e_fmod.o)
                0x0000000008008690                __ieee754_fmod
 .text.matherr  0x00000000080088b4        0x4 /opt/st/stm32cubeide_1.5.0/plugins/com.st.stm32cube.ide.mcu.externaltools.gnu-tools-for-stm32.7-2018-q2-update.linux64_1.5.0.202011040924/tools/bin/../lib/gcc/arm-none-eabi/7.3.1/../../../../arm-none-eabi/lib/thumb/v7e-m/fpv4-sp/hard/libm.a(lib_a-s_matherr.o)
                0x00000000080088b4                matherr
 *(.glue_7)
 .glue_7        0x00000000080088b8        0x0 linker stubs
 *(.glue_7t)
 .glue_7t       0x00000000080088b8        0x0 linker stubs
 *(.eh_frame)
 .eh_frame      0x00000000080088b8        0x0 /opt/st/stm32cubeide_1.5.0/plugins/com.st.stm32cube.ide.mcu.externaltools.gnu-tools-for-stm32.7-2018-q2-update.linux64_1.5.0.202011040924/tools/bin/../lib/gcc/arm-none-eabi/7.3.1/thumb/v7e-m/fpv4-sp/hard/crtbegin.o
 *(.init)
 .init          0x00000000080088b8        0x4 /opt/st/stm32cubeide_1.5.0/plugins/com.st.stm32cube.ide.mcu.externaltools.gnu-tools-for-stm32.7-2018-q2-update.linux64_1.5.0.202011040924/tools/bin/../lib/gcc/arm-none-eabi/7.3.1/thumb/v7e-m/fpv4-sp/hard/crti.o
                0x00000000080088b8                _init
 .init          0x00000000080088bc        0x8 /opt/st/stm32cubeide_1.5.0/plugins/com.st.stm32cube.ide.mcu.externaltools.gnu-tools-for-stm32.7-2018-q2-update.linux64_1.5.0.202011040924/tools/bin/../lib/gcc/arm-none-eabi/7.3.1/thumb/v7e-m/fpv4-sp/hard/crtn.o
 *(.fini)
 .fini          0x00000000080088c4        0x4 /opt/st/stm32cubeide_1.5.0/plugins/com.st.stm32cube.ide.mcu.externaltools.gnu-tools-for-stm32.7-2018-q2-update.linux64_1.5.0.202011040924/tools/bin/../lib/gcc/arm-none-eabi/7.3.1/thumb/v7e-m/fpv4-sp/hard/crti.o
                0x00000000080088c4                _fini
 .fini          0x00000000080088c8        0x8 /opt/st/stm32cubeide_1.5.0/plugins/com.st.stm32cube.ide.mcu.externaltools.gnu-tools-for-stm32.7-2018-q2-update.linux64_1.5.0.202011040924/tools/bin/../lib/gcc/arm-none-eabi/7.3.1/thumb/v7e-m/fpv4-sp/hard/crtn.o
                0x00000000080088d0                . = ALIGN (0x4)
                0x00000000080088d0                _etext = .

.vfp11_veneer   0x00000000080088d0        0x0
 .vfp11_veneer  0x00000000080088d0        0x0 linker stubs

.v4_bx          0x00000000080088d0        0x0
 .v4_bx         0x00000000080088d0        0x0 linker stubs

.iplt           0x00000000080088d0        0x0
 .iplt          0x00000000080088d0        0x0 /opt/st/stm32cubeide_1.5.0/plugins/com.st.stm32cube.ide.mcu.externaltools.gnu-tools-for-stm32.7-2018-q2-update.linux64_1.5.0.202011040924/tools/bin/../lib/gcc/arm-none-eabi/7.3.1/thumb/v7e-m/fpv4-sp/hard/crtbegin.o

.rodata         0x00000000080088d0      0x2f8
                0x00000000080088d0                . = ALIGN (0x4)
 *(.rodata)
 .rodata        0x00000000080088d0        0xe Application/User/gps.o
 *fill*         0x00000000080088de        0x2 
 .rodata        0x00000000080088e0       0x1a Application/User/status.o
 *(.rodata*)
 *fill*         0x00000000080088fa        0x2 
 .rodata.AHBPrescTable
                0x00000000080088fc       0x10 Drivers/CMSIS/system_stm32f4xx.o
                0x00000000080088fc                AHBPrescTable
 .rodata.APBPrescTable
                0x000000000800890c        0x8 Drivers/CMSIS/system_stm32f4xx.o
                0x000000000800890c                APBPrescTable
 .rodata._strtod_l.str1.1
                0x0000000008008914        0xc /opt/st/stm32cubeide_1.5.0/plugins/com.st.stm32cube.ide.mcu.externaltools.gnu-tools-for-stm32.7-2018-q2-update.linux64_1.5.0.202011040924/tools/bin/../lib/gcc/arm-none-eabi/7.3.1/../../../../arm-none-eabi/lib/thumb/v7e-m/fpv4-sp/hard/libc_nano.a(lib_a-strtod.o)
 .rodata.fpi.7435
                0x0000000008008920       0x14 /opt/st/stm32cubeide_1.5.0/plugins/com.st.stm32cube.ide.mcu.externaltools.gnu-tools-for-stm32.7-2018-q2-update.linux64_1.5.0.202011040924/tools/bin/../lib/gcc/arm-none-eabi/7.3.1/../../../../arm-none-eabi/lib/thumb/v7e-m/fpv4-sp/hard/libc_nano.a(lib_a-strtod.o)
 .rodata.fpinan.7471
                0x0000000008008934       0x14 /opt/st/stm32cubeide_1.5.0/plugins/com.st.stm32cube.ide.mcu.externaltools.gnu-tools-for-stm32.7-2018-q2-update.linux64_1.5.0.202011040924/tools/bin/../lib/gcc/arm-none-eabi/7.3.1/../../../../arm-none-eabi/lib/thumb/v7e-m/fpv4-sp/hard/libc_nano.a(lib_a-strtod.o)
 .rodata.tinytens
                0x0000000008008948       0x28 /opt/st/stm32cubeide_1.5.0/plugins/com.st.stm32cube.ide.mcu.externaltools.gnu-tools-for-stm32.7-2018-q2-update.linux64_1.5.0.202011040924/tools/bin/../lib/gcc/arm-none-eabi/7.3.1/../../../../arm-none-eabi/lib/thumb/v7e-m/fpv4-sp/hard/libc_nano.a(lib_a-strtod.o)
 .rodata._setlocale_r.str1.1
                0x0000000008008970        0x8 /opt/st/stm32cubeide_1.5.0/plugins/com.st.stm32cube.ide.mcu.externaltools.gnu-tools-for-stm32.7-2018-q2-update.linux64_1.5.0.202011040924/tools/bin/../lib/gcc/arm-none-eabi/7.3.1/../../../../arm-none-eabi/lib/thumb/v7e-m/fpv4-sp/hard/libc_nano.a(lib_a-locale.o)
                                          0x9 (size before relaxing)
 .rodata.str1.1
                0x0000000008008978        0x2 /opt/st/stm32cubeide_1.5.0/plugins/com.st.stm32cube.ide.mcu.externaltools.gnu-tools-for-stm32.7-2018-q2-update.linux64_1.5.0.202011040924/tools/bin/../lib/gcc/arm-none-eabi/7.3.1/../../../../arm-none-eabi/lib/thumb/v7e-m/fpv4-sp/hard/libc_nano.a(lib_a-locale.o)
 *fill*         0x000000000800897a        0x6 
 .rodata.__mprec_bigtens
                0x0000000008008980       0x28 /opt/st/stm32cubeide_1.5.0/plugins/com.st.stm32cube.ide.mcu.externaltools.gnu-tools-for-stm32.7-2018-q2-update.linux64_1.5.0.202011040924/tools/bin/../lib/gcc/arm-none-eabi/7.3.1/../../../../arm-none-eabi/lib/thumb/v7e-m/fpv4-sp/hard/libc_nano.a(lib_a-mprec.o)
                0x0000000008008980                __mprec_bigtens
 .rodata.__mprec_tens
                0x00000000080089a8       0xc8 /opt/st/stm32cubeide_1.5.0/plugins/com.st.stm32cube.ide.mcu.externaltools.gnu-tools-for-stm32.7-2018-q2-update.linux64_1.5.0.202011040924/tools/bin/../lib/gcc/arm-none-eabi/7.3.1/../../../../arm-none-eabi/lib/thumb/v7e-m/fpv4-sp/hard/libc_nano.a(lib_a-mprec.o)
                0x00000000080089a8                __mprec_tens
 .rodata.p05.7359
                0x0000000008008a70        0xc /opt/st/stm32cubeide_1.5.0/plugins/com.st.stm32cube.ide.mcu.externaltools.gnu-tools-for-stm32.7-2018-q2-update.linux64_1.5.0.202011040924/tools/bin/../lib/gcc/arm-none-eabi/7.3.1/../../../../arm-none-eabi/lib/thumb/v7e-m/fpv4-sp/hard/libc_nano.a(lib_a-mprec.o)
 .rodata._svfprintf_r.str1.1
                0x0000000008008a7c       0x11 /opt/st/stm32cubeide_1.5.0/plugins/com.st.stm32cube.ide.mcu.externaltools.gnu-tools-for-stm32.7-2018-q2-update.linux64_1.5.0.202011040924/tools/bin/../lib/gcc/arm-none-eabi/7.3.1/../../../../arm-none-eabi/lib/thumb/v7e-m/fpv4-sp/hard/libc_nano.a(lib_a-nano-svfprintf.o)
 .rodata._printf_i.str1.1
                0x0000000008008a8d       0x22 /opt/st/stm32cubeide_1.5.0/plugins/com.st.stm32cube.ide.mcu.externaltools.gnu-tools-for-stm32.7-2018-q2-update.linux64_1.5.0.202011040924/tools/bin/../lib/gcc/arm-none-eabi/7.3.1/../../../../arm-none-eabi/lib/thumb/v7e-m/fpv4-sp/hard/libc_nano.a(lib_a-nano-vfprintf_i.o)
 .rodata._ctype_
                0x0000000008008aaf      0x101 /opt/st/stm32cubeide_1.5.0/plugins/com.st.stm32cube.ide.mcu.externaltools.gnu-tools-for-stm32.7-2018-q2-update.linux64_1.5.0.202011040924/tools/bin/../lib/gcc/arm-none-eabi/7.3.1/../../../../arm-none-eabi/lib/thumb/v7e-m/fpv4-sp/hard/libc_nano.a(lib_a-ctype_.o)
                0x0000000008008aaf                _ctype_
 .rodata.fmod.str1.1
                0x0000000008008bb0        0x5 /opt/st/stm32cubeide_1.5.0/plugins/com.st.stm32cube.ide.mcu.externaltools.gnu-tools-for-stm32.7-2018-q2-update.linux64_1.5.0.202011040924/tools/bin/../lib/gcc/arm-none-eabi/7.3.1/../../../../arm-none-eabi/lib/thumb/v7e-m/fpv4-sp/hard/libm.a(lib_a-w_fmod.o)
 *fill*         0x0000000008008bb5        0x3 
 .rodata.Zero   0x0000000008008bb8       0x10 /opt/st/stm32cubeide_1.5.0/plugins/com.st.stm32cube.ide.mcu.externaltools.gnu-tools-for-stm32.7-2018-q2-update.linux64_1.5.0.202011040924/tools/bin/../lib/gcc/arm-none-eabi/7.3.1/../../../../arm-none-eabi/lib/thumb/v7e-m/fpv4-sp/hard/libm.a(lib_a-e_fmod.o)
                0x0000000008008bc8                . = ALIGN (0x4)

.ARM.extab      0x0000000008008bc8        0x0
                0x0000000008008bc8                . = ALIGN (0x4)
 *(.ARM.extab* .gnu.linkonce.armextab.*)
                0x0000000008008bc8                . = ALIGN (0x4)

.ARM            0x0000000008008bc8        0x8
                0x0000000008008bc8                . = ALIGN (0x4)
                0x0000000008008bc8                __exidx_start = .
 *(.ARM.exidx*)
 .ARM.exidx     0x0000000008008bc8        0x8 /opt/st/stm32cubeide_1.5.0/plugins/com.st.stm32cube.ide.mcu.externaltools.gnu-tools-for-stm32.7-2018-q2-update.linux64_1.5.0.202011040924/tools/bin/../lib/gcc/arm-none-eabi/7.3.1/thumb/v7e-m/fpv4-sp/hard/libgcc.a(_udivmoddi4.o)
                0x0000000008008bd0                __exidx_end = .
                0x0000000008008bd0                . = ALIGN (0x4)

.rel.dyn        0x0000000008008bd0        0x0
 .rel.iplt      0x0000000008008bd0        0x0 /opt/st/stm32cubeide_1.5.0/plugins/com.st.stm32cube.ide.mcu.externaltools.gnu-tools-for-stm32.7-2018-q2-update.linux64_1.5.0.202011040924/tools/bin/../lib/gcc/arm-none-eabi/7.3.1/thumb/v7e-m/fpv4-sp/hard/crtbegin.o

.preinit_array  0x0000000008008bd0        0x0
                0x0000000008008bd0                . = ALIGN (0x4)
                0x0000000008008bd0                PROVIDE (__preinit_array_start = .)
 *(.preinit_array*)
                0x0000000008008bd0                PROVIDE (__preinit_array_end = .)
                0x0000000008008bd0                . = ALIGN (0x4)

.init_array     0x0000000008008bd0        0x4
                0x0000000008008bd0                . = ALIGN (0x4)
                0x0000000008008bd0                PROVIDE (__init_array_start = .)
 *(SORT_BY_NAME(.init_array.*))
 *(.init_array*)
 .init_array    0x0000000008008bd0        0x4 /opt/st/stm32cubeide_1.5.0/plugins/com.st.stm32cube.ide.mcu.externaltools.gnu-tools-for-stm32.7-2018-q2-update.linux64_1.5.0.202011040924/tools/bin/../lib/gcc/arm-none-eabi/7.3.1/thumb/v7e-m/fpv4-sp/hard/crtbegin.o
                0x0000000008008bd4                PROVIDE (__init_array_end = .)
                0x0000000008008bd4                . = ALIGN (0x4)

.fini_array     0x0000000008008bd4        0x4
                0x0000000008008bd4                . = ALIGN (0x4)
                [!provide]                        PROVIDE (__fini_array_start = .)
 *(SORT_BY_NAME(.fini_array.*))
 *(.fini_array*)
 .fini_array    0x0000000008008bd4        0x4 /opt/st/stm32cubeide_1.5.0/plugins/com.st.stm32cube.ide.mcu.externaltools.gnu-tools-for-stm32.7-2018-q2-update.linux64_1.5.0.202011040924/tools/bin/../lib/gcc/arm-none-eabi/7.3.1/thumb/v7e-m/fpv4-sp/hard/crtbegin.o
                [!provide]                        PROVIDE (__fini_array_end = .)
                0x0000000008008bd8                . = ALIGN (0x4)
                0x0000000008008bd8                _sidata = LOADADDR (.data)

.data           0x0000000020000000      0x1e0 load address 0x0000000008008bd8
                0x0000000020000000                . = ALIGN (0x4)
                0x0000000020000000                _sdata = .
 *(.data)
 *(.data*)
 .data.SystemCoreClock
                0x0000000020000000        0x4 Drivers/CMSIS/system_stm32f4xx.o
                0x0000000020000000                SystemCoreClock
 .data.uwTickPrio
                0x0000000020000004        0x4 Drivers/STM32F4xx_HAL_Driver/stm32f4xx_hal.o
                0x0000000020000004                uwTickPrio
 .data.uwTickFreq
                0x0000000020000008        0x1 Drivers/STM32F4xx_HAL_Driver/stm32f4xx_hal.o
                0x0000000020000008                uwTickFreq
 *fill*         0x0000000020000009        0x3 
 .data._impure_ptr
                0x000000002000000c        0x4 /opt/st/stm32cubeide_1.5.0/plugins/com.st.stm32cube.ide.mcu.externaltools.gnu-tools-for-stm32.7-2018-q2-update.linux64_1.5.0.202011040924/tools/bin/../lib/gcc/arm-none-eabi/7.3.1/../../../../arm-none-eabi/lib/thumb/v7e-m/fpv4-sp/hard/libc_nano.a(lib_a-impure.o)
                0x000000002000000c                _impure_ptr
 .data.impure_data
                0x0000000020000010       0x60 /opt/st/stm32cubeide_1.5.0/plugins/com.st.stm32cube.ide.mcu.externaltools.gnu-tools-for-stm32.7-2018-q2-update.linux64_1.5.0.202011040924/tools/bin/../lib/gcc/arm-none-eabi/7.3.1/../../../../arm-none-eabi/lib/thumb/v7e-m/fpv4-sp/hard/libc_nano.a(lib_a-impure.o)
 .data.__global_locale
                0x0000000020000070      0x16c /opt/st/stm32cubeide_1.5.0/plugins/com.st.stm32cube.ide.mcu.externaltools.gnu-tools-for-stm32.7-2018-q2-update.linux64_1.5.0.202011040924/tools/bin/../lib/gcc/arm-none-eabi/7.3.1/../../../../arm-none-eabi/lib/thumb/v7e-m/fpv4-sp/hard/libc_nano.a(lib_a-locale.o)
                0x0000000020000070                __global_locale
 .data.__fdlib_version
                0x00000000200001dc        0x1 /opt/st/stm32cubeide_1.5.0/plugins/com.st.stm32cube.ide.mcu.externaltools.gnu-tools-for-stm32.7-2018-q2-update.linux64_1.5.0.202011040924/tools/bin/../lib/gcc/arm-none-eabi/7.3.1/../../../../arm-none-eabi/lib/thumb/v7e-m/fpv4-sp/hard/libm.a(lib_a-s_lib_ver.o)
                0x00000000200001dc                __fdlib_version
                0x00000000200001e0                . = ALIGN (0x4)
 *fill*         0x00000000200001dd        0x3 
                0x00000000200001e0                _edata = .

.igot.plt       0x00000000200001e0        0x0 load address 0x0000000008008db8
 .igot.plt      0x00000000200001e0        0x0 /opt/st/stm32cubeide_1.5.0/plugins/com.st.stm32cube.ide.mcu.externaltools.gnu-tools-for-stm32.7-2018-q2-update.linux64_1.5.0.202011040924/tools/bin/../lib/gcc/arm-none-eabi/7.3.1/thumb/v7e-m/fpv4-sp/hard/crtbegin.o
                0x00000000200001e0                . = ALIGN (0x4)

.bss            0x00000000200001e0      0x5b4 load address 0x0000000008008db8
                0x00000000200001e0                _sbss = .
                0x00000000200001e0                __bss_start__ = _sbss
 *(.bss)
 .bss           0x00000000200001e0       0x1c /opt/st/stm32cubeide_1.5.0/plugins/com.st.stm32cube.ide.mcu.externaltools.gnu-tools-for-stm32.7-2018-q2-update.linux64_1.5.0.202011040924/tools/bin/../lib/gcc/arm-none-eabi/7.3.1/thumb/v7e-m/fpv4-sp/hard/crtbegin.o
 *(.bss*)
 .bss.g_CmdRxBuffer
                0x00000000200001fc      0x104 Application/User/command.o
 .bss.g_CmdInData
                0x0000000020000300        0x1 Application/User/command.o
 .bss.g_CmdStart
                0x0000000020000301        0x1 Application/User/command.o
 *fill*         0x0000000020000302        0x2 
 .bss.g_GPSBuffer
                0x0000000020000304      0x104 Application/User/gps.o
 .bss.g_GPSInfo
                0x0000000020000408       0x44 Application/User/gps.o
 .bss.g_GPSStart
                0x000000002000044c        0x1 Application/User/gps.o
 .bss.g_GPSInData
                0x000000002000044d        0x1 Application/User/gps.o
 .bss.g_Update  0x000000002000044e        0x1 Application/User/main.o
                0x000000002000044e                g_Update
 .bss.g_USTrigger
                0x000000002000044f        0x1 Application/User/main.o
                0x000000002000044f                g_USTrigger
 .bss.g_TargetForward
                0x0000000020000450        0x4 Application/User/motor.o
                0x0000000020000450                g_TargetForward
 .bss.g_TargetTurn
                0x0000000020000454        0x4 Application/User/motor.o
                0x0000000020000454                g_TargetTurn
 .bss.g_IsStart
                0x0000000020000458        0x1 Application/User/motor.o
                0x0000000020000458                g_IsStart
 *fill*         0x0000000020000459        0x3 
 .bss.g_UpdateCountAfterCmd
                0x000000002000045c        0x4 Application/User/motor.o
                0x000000002000045c                g_UpdateCountAfterCmd
 .bss.g_StatusOutData
                0x0000000020000460        0x1 Application/User/status.o
 *fill*         0x0000000020000461        0x3 
 .bss.g_StatusMsg
                0x0000000020000464       0x80 Application/User/status.o
                0x0000000020000464                g_StatusMsg
 .bss.__sbrk_heap_end
                0x00000000200004e4        0x4 Application/User/sysmem.o
 .bss.g_UR      0x00000000200004e8       0x18 Application/User/ultrasound.o
 .bss.__malloc_free_list
                0x0000000020000500        0x4 /opt/st/stm32cubeide_1.5.0/plugins/com.st.stm32cube.ide.mcu.externaltools.gnu-tools-for-stm32.7-2018-q2-update.linux64_1.5.0.202011040924/tools/bin/../lib/gcc/arm-none-eabi/7.3.1/../../../../arm-none-eabi/lib/thumb/v7e-m/fpv4-sp/hard/libc_nano.a(lib_a-nano-mallocr.o)
                0x0000000020000500                __malloc_free_list
 .bss.__malloc_sbrk_start
                0x0000000020000504        0x4 /opt/st/stm32cubeide_1.5.0/plugins/com.st.stm32cube.ide.mcu.externaltools.gnu-tools-for-stm32.7-2018-q2-update.linux64_1.5.0.202011040924/tools/bin/../lib/gcc/arm-none-eabi/7.3.1/../../../../arm-none-eabi/lib/thumb/v7e-m/fpv4-sp/hard/libc_nano.a(lib_a-nano-mallocr.o)
                0x0000000020000504                __malloc_sbrk_start
 *(COMMON)
 COMMON         0x0000000020000508      0x180 Application/User/main.o
                0x0000000020000508                htim8
                0x0000000020000548                htim4
                0x0000000020000588                huart3
                0x00000000200005c8                htim3
                0x0000000020000608                huart1
                0x0000000020000648                htim2
 COMMON         0x0000000020000688      0x104 Application/User/status.o
                0x0000000020000688                g_StatusTxBuffer
 COMMON         0x000000002000078c        0x4 Drivers/STM32F4xx_HAL_Driver/stm32f4xx_hal.o
                0x000000002000078c                uwTick
 COMMON         0x0000000020000790        0x4 /opt/st/stm32cubeide_1.5.0/plugins/com.st.stm32cube.ide.mcu.externaltools.gnu-tools-for-stm32.7-2018-q2-update.linux64_1.5.0.202011040924/tools/bin/../lib/gcc/arm-none-eabi/7.3.1/../../../../arm-none-eabi/lib/thumb/v7e-m/fpv4-sp/hard/libc_nano.a(lib_a-reent.o)
                0x0000000020000790                errno
                0x0000000020000794                . = ALIGN (0x4)
                0x0000000020000794                _ebss = .
                0x0000000020000794                __bss_end__ = _ebss

._user_heap_stack
                0x0000000020000794      0x604 load address 0x0000000008008db8
                0x0000000020000798                . = ALIGN (0x8)
 *fill*         0x0000000020000794        0x4 
                [!provide]                        PROVIDE (end = .)
                0x0000000020000798                PROVIDE (_end = .)
                0x0000000020000998                . = (. + _Min_Heap_Size)
 *fill*         0x0000000020000798      0x200 
                0x0000000020000d98                . = (. + _Min_Stack_Size)
 *fill*         0x0000000020000998      0x400 
                0x0000000020000d98                . = ALIGN (0x8)

/DISCARD/
 libc.a(*)
 libm.a(*)
 libgcc.a(*)

.ARM.attributes
                0x0000000000000000       0x30
 *(.ARM.attributes)
 .ARM.attributes
                0x0000000000000000       0x22 /opt/st/stm32cubeide_1.5.0/plugins/com.st.stm32cube.ide.mcu.externaltools.gnu-tools-for-stm32.7-2018-q2-update.linux64_1.5.0.202011040924/tools/bin/../lib/gcc/arm-none-eabi/7.3.1/thumb/v7e-m/fpv4-sp/hard/crti.o
 .ARM.attributes
                0x0000000000000022       0x34 /opt/st/stm32cubeide_1.5.0/plugins/com.st.stm32cube.ide.mcu.externaltools.gnu-tools-for-stm32.7-2018-q2-update.linux64_1.5.0.202011040924/tools/bin/../lib/gcc/arm-none-eabi/7.3.1/thumb/v7e-m/fpv4-sp/hard/crtbegin.o
 .ARM.attributes
                0x0000000000000056       0x21 Application/Startup/startup_stm32f405rgtx.o
 .ARM.attributes
                0x0000000000000077       0x39 Application/User/FIFOBuffer.o
 .ARM.attributes
                0x00000000000000b0       0x39 Application/User/command.o
 .ARM.attributes
                0x00000000000000e9       0x39 Application/User/gps.o
 .ARM.attributes
                0x0000000000000122       0x39 Application/User/main.o
 .ARM.attributes
                0x000000000000015b       0x39 Application/User/motor.o
 .ARM.attributes
                0x0000000000000194       0x39 Application/User/status.o
 .ARM.attributes
                0x00000000000001cd       0x39 Application/User/stm32f4xx_hal_msp.o
 .ARM.attributes
                0x0000000000000206       0x39 Application/User/stm32f4xx_it.o
 .ARM.attributes
                0x000000000000023f       0x39 Application/User/sysmem.o
 .ARM.attributes
                0x0000000000000278       0x39 Application/User/ultrasound.o
 .ARM.attributes
                0x00000000000002b1       0x39 Drivers/CMSIS/system_stm32f4xx.o
 .ARM.attributes
                0x00000000000002ea       0x39 Drivers/STM32F4xx_HAL_Driver/stm32f4xx_hal.o
 .ARM.attributes
                0x0000000000000323       0x39 Drivers/STM32F4xx_HAL_Driver/stm32f4xx_hal_cortex.o
 .ARM.attributes
                0x000000000000035c       0x39 Drivers/STM32F4xx_HAL_Driver/stm32f4xx_hal_dma.o
 .ARM.attributes
                0x0000000000000395       0x39 Drivers/STM32F4xx_HAL_Driver/stm32f4xx_hal_gpio.o
 .ARM.attributes
                0x00000000000003ce       0x39 Drivers/STM32F4xx_HAL_Driver/stm32f4xx_hal_rcc.o
 .ARM.attributes
                0x0000000000000407       0x39 Drivers/STM32F4xx_HAL_Driver/stm32f4xx_hal_tim.o
 .ARM.attributes
                0x0000000000000440       0x39 Drivers/STM32F4xx_HAL_Driver/stm32f4xx_hal_tim_ex.o
 .ARM.attributes
                0x0000000000000479       0x39 Drivers/STM32F4xx_HAL_Driver/stm32f4xx_hal_uart.o
 .ARM.attributes
                0x00000000000004b2       0x34 /opt/st/stm32cubeide_1.5.0/plugins/com.st.stm32cube.ide.mcu.externaltools.gnu-tools-for-stm32.7-2018-q2-update.linux64_1.5.0.202011040924/tools/bin/../lib/gcc/arm-none-eabi/7.3.1/../../../../arm-none-eabi/lib/thumb/v7e-m/fpv4-sp/hard/libc_nano.a(lib_a-atof.o)
 .ARM.attributes
                0x00000000000004e6       0x34 /opt/st/stm32cubeide_1.5.0/plugins/com.st.stm32cube.ide.mcu.externaltools.gnu-tools-for-stm32.7-2018-q2-update.linux64_1.5.0.202011040924/tools/bin/../lib/gcc/arm-none-eabi/7.3.1/../../../../arm-none-eabi/lib/thumb/v7e-m/fpv4-sp/hard/libc_nano.a(lib_a-atoi.o)
 .ARM.attributes
                0x000000000000051a       0x34 /opt/st/stm32cubeide_1.5.0/plugins/com.st.stm32cube.ide.mcu.externaltools.gnu-tools-for-stm32.7-2018-q2-update.linux64_1.5.0.202011040924/tools/bin/../lib/gcc/arm-none-eabi/7.3.1/../../../../arm-none-eabi/lib/thumb/v7e-m/fpv4-sp/hard/libc_nano.a(lib_a-errno.o)
 .ARM.attributes
                0x000000000000054e       0x34 /opt/st/stm32cubeide_1.5.0/plugins/com.st.stm32cube.ide.mcu.externaltools.gnu-tools-for-stm32.7-2018-q2-update.linux64_1.5.0.202011040924/tools/bin/../lib/gcc/arm-none-eabi/7.3.1/../../../../arm-none-eabi/lib/thumb/v7e-m/fpv4-sp/hard/libc_nano.a(lib_a-impure.o)
 .ARM.attributes
                0x0000000000000582       0x34 /opt/st/stm32cubeide_1.5.0/plugins/com.st.stm32cube.ide.mcu.externaltools.gnu-tools-for-stm32.7-2018-q2-update.linux64_1.5.0.202011040924/tools/bin/../lib/gcc/arm-none-eabi/7.3.1/../../../../arm-none-eabi/lib/thumb/v7e-m/fpv4-sp/hard/libc_nano.a(lib_a-init.o)
 .ARM.attributes
                0x00000000000005b6       0x34 /opt/st/stm32cubeide_1.5.0/plugins/com.st.stm32cube.ide.mcu.externaltools.gnu-tools-for-stm32.7-2018-q2-update.linux64_1.5.0.202011040924/tools/bin/../lib/gcc/arm-none-eabi/7.3.1/../../../../arm-none-eabi/lib/thumb/v7e-m/fpv4-sp/hard/libc_nano.a(lib_a-memset.o)
 .ARM.attributes
                0x00000000000005ea       0x34 /opt/st/stm32cubeide_1.5.0/plugins/com.st.stm32cube.ide.mcu.externaltools.gnu-tools-for-stm32.7-2018-q2-update.linux64_1.5.0.202011040924/tools/bin/../lib/gcc/arm-none-eabi/7.3.1/../../../../arm-none-eabi/lib/thumb/v7e-m/fpv4-sp/hard/libc_nano.a(lib_a-sprintf.o)
 .ARM.attributes
                0x000000000000061e       0x34 /opt/st/stm32cubeide_1.5.0/plugins/com.st.stm32cube.ide.mcu.externaltools.gnu-tools-for-stm32.7-2018-q2-update.linux64_1.5.0.202011040924/tools/bin/../lib/gcc/arm-none-eabi/7.3.1/../../../../arm-none-eabi/lib/thumb/v7e-m/fpv4-sp/hard/libc_nano.a(lib_a-strcpy.o)
 .ARM.attributes
                0x0000000000000652       0x1b /opt/st/stm32cubeide_1.5.0/plugins/com.st.stm32cube.ide.mcu.externaltools.gnu-tools-for-stm32.7-2018-q2-update.linux64_1.5.0.202011040924/tools/bin/../lib/gcc/arm-none-eabi/7.3.1/../../../../arm-none-eabi/lib/thumb/v7e-m/fpv4-sp/hard/libc_nano.a(lib_a-strlen.o)
 .ARM.attributes
                0x000000000000066d       0x34 /opt/st/stm32cubeide_1.5.0/plugins/com.st.stm32cube.ide.mcu.externaltools.gnu-tools-for-stm32.7-2018-q2-update.linux64_1.5.0.202011040924/tools/bin/../lib/gcc/arm-none-eabi/7.3.1/../../../../arm-none-eabi/lib/thumb/v7e-m/fpv4-sp/hard/libc_nano.a(lib_a-strncpy.o)
 .ARM.attributes
                0x00000000000006a1       0x34 /opt/st/stm32cubeide_1.5.0/plugins/com.st.stm32cube.ide.mcu.externaltools.gnu-tools-for-stm32.7-2018-q2-update.linux64_1.5.0.202011040924/tools/bin/../lib/gcc/arm-none-eabi/7.3.1/../../../../arm-none-eabi/lib/thumb/v7e-m/fpv4-sp/hard/libc_nano.a(lib_a-strtod.o)
 .ARM.attributes
                0x00000000000006d5       0x34 /opt/st/stm32cubeide_1.5.0/plugins/com.st.stm32cube.ide.mcu.externaltools.gnu-tools-for-stm32.7-2018-q2-update.linux64_1.5.0.202011040924/tools/bin/../lib/gcc/arm-none-eabi/7.3.1/../../../../arm-none-eabi/lib/thumb/v7e-m/fpv4-sp/hard/libc_nano.a(lib_a-strtol.o)
 .ARM.attributes
                0x0000000000000709       0x34 /opt/st/stm32cubeide_1.5.0/plugins/com.st.stm32cube.ide.mcu.externaltools.gnu-tools-for-stm32.7-2018-q2-update.linux64_1.5.0.202011040924/tools/bin/../lib/gcc/arm-none-eabi/7.3.1/../../../../arm-none-eabi/lib/thumb/v7e-m/fpv4-sp/hard/libc_nano.a(lib_a-gdtoa-gethex.o)
 .ARM.attributes
                0x000000000000073d       0x34 /opt/st/stm32cubeide_1.5.0/plugins/com.st.stm32cube.ide.mcu.externaltools.gnu-tools-for-stm32.7-2018-q2-update.linux64_1.5.0.202011040924/tools/bin/../lib/gcc/arm-none-eabi/7.3.1/../../../../arm-none-eabi/lib/thumb/v7e-m/fpv4-sp/hard/libc_nano.a(lib_a-gdtoa-hexnan.o)
 .ARM.attributes
                0x0000000000000771       0x34 /opt/st/stm32cubeide_1.5.0/plugins/com.st.stm32cube.ide.mcu.externaltools.gnu-tools-for-stm32.7-2018-q2-update.linux64_1.5.0.202011040924/tools/bin/../lib/gcc/arm-none-eabi/7.3.1/../../../../arm-none-eabi/lib/thumb/v7e-m/fpv4-sp/hard/libc_nano.a(lib_a-locale.o)
 .ARM.attributes
                0x00000000000007a5       0x34 /opt/st/stm32cubeide_1.5.0/plugins/com.st.stm32cube.ide.mcu.externaltools.gnu-tools-for-stm32.7-2018-q2-update.linux64_1.5.0.202011040924/tools/bin/../lib/gcc/arm-none-eabi/7.3.1/../../../../arm-none-eabi/lib/thumb/v7e-m/fpv4-sp/hard/libc_nano.a(lib_a-localeconv.o)
 .ARM.attributes
                0x00000000000007d9       0x34 /opt/st/stm32cubeide_1.5.0/plugins/com.st.stm32cube.ide.mcu.externaltools.gnu-tools-for-stm32.7-2018-q2-update.linux64_1.5.0.202011040924/tools/bin/../lib/gcc/arm-none-eabi/7.3.1/../../../../arm-none-eabi/lib/thumb/v7e-m/fpv4-sp/hard/libc_nano.a(lib_a-mbtowc_r.o)
 .ARM.attributes
                0x000000000000080d       0x34 /opt/st/stm32cubeide_1.5.0/plugins/com.st.stm32cube.ide.mcu.externaltools.gnu-tools-for-stm32.7-2018-q2-update.linux64_1.5.0.202011040924/tools/bin/../lib/gcc/arm-none-eabi/7.3.1/../../../../arm-none-eabi/lib/thumb/v7e-m/fpv4-sp/hard/libc_nano.a(lib_a-memcpy-stub.o)
 .ARM.attributes
                0x0000000000000841       0x34 /opt/st/stm32cubeide_1.5.0/plugins/com.st.stm32cube.ide.mcu.externaltools.gnu-tools-for-stm32.7-2018-q2-update.linux64_1.5.0.202011040924/tools/bin/../lib/gcc/arm-none-eabi/7.3.1/../../../../arm-none-eabi/lib/thumb/v7e-m/fpv4-sp/hard/libc_nano.a(lib_a-mprec.o)
 .ARM.attributes
                0x0000000000000875       0x34 /opt/st/stm32cubeide_1.5.0/plugins/com.st.stm32cube.ide.mcu.externaltools.gnu-tools-for-stm32.7-2018-q2-update.linux64_1.5.0.202011040924/tools/bin/../lib/gcc/arm-none-eabi/7.3.1/../../../../arm-none-eabi/lib/thumb/v7e-m/fpv4-sp/hard/libc_nano.a(lib_a-nano-callocr.o)
 .ARM.attributes
                0x00000000000008a9       0x34 /opt/st/stm32cubeide_1.5.0/plugins/com.st.stm32cube.ide.mcu.externaltools.gnu-tools-for-stm32.7-2018-q2-update.linux64_1.5.0.202011040924/tools/bin/../lib/gcc/arm-none-eabi/7.3.1/../../../../arm-none-eabi/lib/thumb/v7e-m/fpv4-sp/hard/libc_nano.a(lib_a-nano-mallocr.o)
 .ARM.attributes
                0x00000000000008dd       0x34 /opt/st/stm32cubeide_1.5.0/plugins/com.st.stm32cube.ide.mcu.externaltools.gnu-tools-for-stm32.7-2018-q2-update.linux64_1.5.0.202011040924/tools/bin/../lib/gcc/arm-none-eabi/7.3.1/../../../../arm-none-eabi/lib/thumb/v7e-m/fpv4-sp/hard/libc_nano.a(lib_a-nano-svfprintf.o)
 .ARM.attributes
                0x0000000000000911       0x34 /opt/st/stm32cubeide_1.5.0/plugins/com.st.stm32cube.ide.mcu.externaltools.gnu-tools-for-stm32.7-2018-q2-update.linux64_1.5.0.202011040924/tools/bin/../lib/gcc/arm-none-eabi/7.3.1/../../../../arm-none-eabi/lib/thumb/v7e-m/fpv4-sp/hard/libc_nano.a(lib_a-nano-vfprintf_i.o)
 .ARM.attributes
                0x0000000000000945       0x34 /opt/st/stm32cubeide_1.5.0/plugins/com.st.stm32cube.ide.mcu.externaltools.gnu-tools-for-stm32.7-2018-q2-update.linux64_1.5.0.202011040924/tools/bin/../lib/gcc/arm-none-eabi/7.3.1/../../../../arm-none-eabi/lib/thumb/v7e-m/fpv4-sp/hard/libc_nano.a(lib_a-sbrkr.o)
 .ARM.attributes
                0x0000000000000979       0x34 /opt/st/stm32cubeide_1.5.0/plugins/com.st.stm32cube.ide.mcu.externaltools.gnu-tools-for-stm32.7-2018-q2-update.linux64_1.5.0.202011040924/tools/bin/../lib/gcc/arm-none-eabi/7.3.1/../../../../arm-none-eabi/lib/thumb/v7e-m/fpv4-sp/hard/libc_nano.a(lib_a-strncmp.o)
 .ARM.attributes
                0x00000000000009ad       0x34 /opt/st/stm32cubeide_1.5.0/plugins/com.st.stm32cube.ide.mcu.externaltools.gnu-tools-for-stm32.7-2018-q2-update.linux64_1.5.0.202011040924/tools/bin/../lib/gcc/arm-none-eabi/7.3.1/../../../../arm-none-eabi/lib/thumb/v7e-m/fpv4-sp/hard/libc_nano.a(lib_a-wctomb_r.o)
 .ARM.attributes
                0x00000000000009e1       0x34 /opt/st/stm32cubeide_1.5.0/plugins/com.st.stm32cube.ide.mcu.externaltools.gnu-tools-for-stm32.7-2018-q2-update.linux64_1.5.0.202011040924/tools/bin/../lib/gcc/arm-none-eabi/7.3.1/../../../../arm-none-eabi/lib/thumb/v7e-m/fpv4-sp/hard/libc_nano.a(lib_a-ctype_.o)
 .ARM.attributes
                0x0000000000000a15       0x34 /opt/st/stm32cubeide_1.5.0/plugins/com.st.stm32cube.ide.mcu.externaltools.gnu-tools-for-stm32.7-2018-q2-update.linux64_1.5.0.202011040924/tools/bin/../lib/gcc/arm-none-eabi/7.3.1/../../../../arm-none-eabi/lib/thumb/v7e-m/fpv4-sp/hard/libc_nano.a(lib_a-malloc.o)
 .ARM.attributes
                0x0000000000000a49       0x20 /opt/st/stm32cubeide_1.5.0/plugins/com.st.stm32cube.ide.mcu.externaltools.gnu-tools-for-stm32.7-2018-q2-update.linux64_1.5.0.202011040924/tools/bin/../lib/gcc/arm-none-eabi/7.3.1/../../../../arm-none-eabi/lib/thumb/v7e-m/fpv4-sp/hard/libc_nano.a(lib_a-memchr.o)
 .ARM.attributes
                0x0000000000000a69       0x34 /opt/st/stm32cubeide_1.5.0/plugins/com.st.stm32cube.ide.mcu.externaltools.gnu-tools-for-stm32.7-2018-q2-update.linux64_1.5.0.202011040924/tools/bin/../lib/gcc/arm-none-eabi/7.3.1/../../../../arm-none-eabi/lib/thumb/v7e-m/fpv4-sp/hard/libc_nano.a(lib_a-memmove.o)
 .ARM.attributes